Component: ARM Compiler 5.06 update 6 (build 750) Tool: armlink [4d35ed]

==============================================================================

Section Cross References

    startup_stm32f407xx.o(RESET) refers to startup_stm32f407xx.o(STACK) for __initial_sp
    startup_stm32f407xx.o(RESET) refers to startup_stm32f407xx.o(.text) for Reset_Handler
    startup_stm32f407xx.o(RESET) refers to stm32f4xx_it.o(i.NMI_Handler) for NMI_Handler
    startup_stm32f407xx.o(RESET) refers to stm32f4xx_it.o(i.HardFault_Handler) for HardFault_Handler
    startup_stm32f407xx.o(RESET) refers to stm32f4xx_it.o(i.MemManage_Handler) for MemManage_Handler
    startup_stm32f407xx.o(RESET) refers to stm32f4xx_it.o(i.BusFault_Handler) for BusFault_Handler
    startup_stm32f407xx.o(RESET) refers to stm32f4xx_it.o(i.UsageFault_Handler) for UsageFault_Handler
    startup_stm32f407xx.o(RESET) refers to port.o(.emb_text) for SVC_Handler
    startup_stm32f407xx.o(RESET) refers to stm32f4xx_it.o(i.DebugMon_Handler) for DebugMon_Handler
    startup_stm32f407xx.o(RESET) refers to port.o(i.SysTick_Handler) for SysTick_Handler
    startup_stm32f407xx.o(RESET) refers to stm32f4xx_it.o(i.TIM1_UP_TIM10_IRQHandler) for TIM1_UP_TIM10_IRQHandler
    startup_stm32f407xx.o(RESET) refers to stm32f4xx_it.o(i.USART1_IRQHandler) for USART1_IRQHandler
    startup_stm32f407xx.o(RESET) refers to stm32f4xx_it.o(i.USART2_IRQHandler) for USART2_IRQHandler
    startup_stm32f407xx.o(RESET) refers to stm32f4xx_it.o(i.USART3_IRQHandler) for USART3_IRQHandler
    startup_stm32f407xx.o(.text) refers to system_stm32f4xx.o(i.SystemInit) for SystemInit
    startup_stm32f407xx.o(.text) refers to entry.o(.ARM.Collect$$$$00000000) for __main
    cjson.o(i.add_item_to_object) refers to cjson.o(i.cJSON_strdup) for cJSON_strdup
    cjson.o(i.add_item_to_object) refers to cjson.o(i.add_item_to_array) for add_item_to_array
    cjson.o(i.cJSON_AddArrayToObject) refers to cjson.o(i.cJSON_CreateArray) for cJSON_CreateArray
    cjson.o(i.cJSON_AddArrayToObject) refers to cjson.o(i.add_item_to_object) for add_item_to_object
    cjson.o(i.cJSON_AddArrayToObject) refers to cjson.o(i.cJSON_Delete) for cJSON_Delete
    cjson.o(i.cJSON_AddArrayToObject) refers to cjson.o(.data) for .data
    cjson.o(i.cJSON_AddBoolToObject) refers to cjson.o(i.cJSON_CreateBool) for cJSON_CreateBool
    cjson.o(i.cJSON_AddBoolToObject) refers to cjson.o(i.add_item_to_object) for add_item_to_object
    cjson.o(i.cJSON_AddBoolToObject) refers to cjson.o(i.cJSON_Delete) for cJSON_Delete
    cjson.o(i.cJSON_AddBoolToObject) refers to cjson.o(.data) for .data
    cjson.o(i.cJSON_AddFalseToObject) refers to cjson.o(i.cJSON_CreateFalse) for cJSON_CreateFalse
    cjson.o(i.cJSON_AddFalseToObject) refers to cjson.o(i.add_item_to_object) for add_item_to_object
    cjson.o(i.cJSON_AddFalseToObject) refers to cjson.o(i.cJSON_Delete) for cJSON_Delete
    cjson.o(i.cJSON_AddFalseToObject) refers to cjson.o(.data) for .data
    cjson.o(i.cJSON_AddItemReferenceToArray) refers to cjson.o(i.create_reference) for create_reference
    cjson.o(i.cJSON_AddItemReferenceToArray) refers to cjson.o(i.add_item_to_array) for add_item_to_array
    cjson.o(i.cJSON_AddItemReferenceToArray) refers to cjson.o(.data) for .data
    cjson.o(i.cJSON_AddItemReferenceToObject) refers to cjson.o(i.create_reference) for create_reference
    cjson.o(i.cJSON_AddItemReferenceToObject) refers to cjson.o(i.add_item_to_object) for add_item_to_object
    cjson.o(i.cJSON_AddItemReferenceToObject) refers to cjson.o(.data) for .data
    cjson.o(i.cJSON_AddItemToArray) refers to cjson.o(i.add_item_to_array) for add_item_to_array
    cjson.o(i.cJSON_AddItemToObject) refers to cjson.o(i.add_item_to_object) for add_item_to_object
    cjson.o(i.cJSON_AddItemToObject) refers to cjson.o(.data) for .data
    cjson.o(i.cJSON_AddItemToObjectCS) refers to cjson.o(i.add_item_to_object) for add_item_to_object
    cjson.o(i.cJSON_AddItemToObjectCS) refers to cjson.o(.data) for .data
    cjson.o(i.cJSON_AddNullToObject) refers to cjson.o(i.cJSON_CreateNull) for cJSON_CreateNull
    cjson.o(i.cJSON_AddNullToObject) refers to cjson.o(i.add_item_to_object) for add_item_to_object
    cjson.o(i.cJSON_AddNullToObject) refers to cjson.o(i.cJSON_Delete) for cJSON_Delete
    cjson.o(i.cJSON_AddNullToObject) refers to cjson.o(.data) for .data
    cjson.o(i.cJSON_AddNumberToObject) refers to cjson.o(i.cJSON_CreateNumber) for cJSON_CreateNumber
    cjson.o(i.cJSON_AddNumberToObject) refers to cjson.o(i.add_item_to_object) for add_item_to_object
    cjson.o(i.cJSON_AddNumberToObject) refers to cjson.o(i.cJSON_Delete) for cJSON_Delete
    cjson.o(i.cJSON_AddNumberToObject) refers to cjson.o(.data) for .data
    cjson.o(i.cJSON_AddObjectToObject) refers to cjson.o(i.cJSON_CreateObject) for cJSON_CreateObject
    cjson.o(i.cJSON_AddObjectToObject) refers to cjson.o(i.add_item_to_object) for add_item_to_object
[...]
    i.cJSON_free                             0x08003a0c   Section        0  cjson.o(i.cJSON_free)
    i.command                                0x08003a18   Section        0  main.o(i.command)
    i.fputc                                  0x08003a48   Section        0  usart.o(i.fputc)
    i.get_array_item                         0x08003a60   Section        0  cjson.o(i.get_array_item)
    get_array_item                           0x08003a61   Thumb Code    22  cjson.o(i.get_array_item)
    i.get_object_item                        0x08003a76   Section        0  cjson.o(i.get_object_item)
    get_object_item                          0x08003a77   Thumb Code   122  cjson.o(i.get_object_item)
    i.inHandlerMode                          0x08003af0   Section        0  cmsis_os.o(i.inHandlerMode)
    inHandlerMode                            0x08003af1   Thumb Code    12  cmsis_os.o(i.inHandlerMode)
    i.internal_alloc                         0x08003afc   Section        0  mallocr.o(i.internal_alloc)
    internal_alloc                           0x08003afd   Thumb Code    76  mallocr.o(i.internal_alloc)
    i.main                                   0x08003b4c   Section        0  main.o(i.main)
    i.makeFreeRtosPriority                   0x08003de8   Section        0  cmsis_os.o(i.makeFreeRtosPriority)
    makeFreeRtosPriority                     0x08003de9   Thumb Code    12  cmsis_os.o(i.makeFreeRtosPriority)
    i.osDelay                                0x08003df4   Section        0  cmsis_os.o(i.osDelay)
    i.osKernelStart                          0x08003e02   Section        0  cmsis_os.o(i.osKernelStart)
    i.osSemaphoreCreate                      0x08003e0c   Section        0  cmsis_os.o(i.osSemaphoreCreate)
    i.osSemaphoreRelease                     0x08003e4c   Section        0  cmsis_os.o(i.osSemaphoreRelease)
    i.osSemaphoreWait                        0x08003e9c   Section        0  cmsis_os.o(i.osSemaphoreWait)
    i.osThreadCreate                         0x08003f00   Section        0  cmsis_os.o(i.osThreadCreate)
    i.parse_array                            0x08003f54   Section        0  cjson.o(i.parse_array)
    parse_array                              0x08003f55   Thumb Code   208  cjson.o(i.parse_array)
    i.parse_hex4                             0x08004024   Section        0  cjson.o(i.parse_hex4)
    parse_hex4                               0x08004025   Thumb Code    64  cjson.o(i.parse_hex4)
    i.parse_number                           0x08004064   Section        0  cjson.o(i.parse_number)
    parse_number                             0x08004065   Thumb Code   240  cjson.o(i.parse_number)
    i.parse_object                           0x08004164   Section        0  cjson.o(i.parse_object)
    parse_object                             0x08004165   Thumb Code   266  cjson.o(i.parse_object)
    i.parse_string                           0x0800426e   Section        0  cjson.o(i.parse_string)
    parse_string                             0x0800426f   Thumb Code   268  cjson.o(i.parse_string)
    i.parse_value                            0x0800437c   Section        0  cjson.o(i.parse_value)
    parse_value                              0x0800437d   Thumb Code   226  cjson.o(i.parse_value)
    i.prvAddCurrentTaskToDelayedList         0x08004478   Section        0  tasks.o(i.prvAddCurrentTaskToDelayedList)
    prvAddCurrentTaskToDelayedList           0x08004479   Thumb Code   102  tasks.o(i.prvAddCurrentTaskToDelayedList)
    i.prvAddNewTaskToReadyList               0x080044e8   Section        0  tasks.o(i.prvAddNewTaskToReadyList)
    prvAddNewTaskToReadyList                 0x080044e9   Thumb Code   194  tasks.o(i.prvAddNewTaskToReadyList)
    i.prvCopyDataFromQueue                   0x080045b8   Section        0  queue.o(i.prvCopyDataFromQueue)
    prvCopyDataFromQueue                     0x080045b9   Thumb Code    38  queue.o(i.prvCopyDataFromQueue)
    i.prvCopyDataToQueue                     0x080045de   Section        0  queue.o(i.prvCopyDataToQueue)
    prvCopyDataToQueue                       0x080045df   Thumb Code   108  queue.o(i.prvCopyDataToQueue)
    i.prvDeleteTCB                           0x0800464a   Section        0  tasks.o(i.prvDeleteTCB)
    prvDeleteTCB                             0x0800464b   Thumb Code    52  tasks.o(i.prvDeleteTCB)
    i.prvHeapInit                            0x08004680   Section        0  heap_4.o(i.prvHeapInit)
    prvHeapInit                              0x08004681   Thumb Code    66  heap_4.o(i.prvHeapInit)
    i.prvIdleTask                            0x080046cc   Section        0  tasks.o(i.prvIdleTask)
    prvIdleTask                              0x080046cd   Thumb Code    82  tasks.o(i.prvIdleTask)
    i.prvInitialiseNewQueue                  0x0800472c   Section        0  queue.o(i.prvInitialiseNewQueue)
    prvInitialiseNewQueue                    0x0800472d   Thumb Code    22  queue.o(i.prvInitialiseNewQueue)
    i.prvInitialiseNewTask                   0x08004742   Section        0  tasks.o(i.prvInitialiseNewTask)
    prvInitialiseNewTask                     0x08004743   Thumb Code   152  tasks.o(i.prvInitialiseNewTask)
    i.prvInsertBlockIntoFreeList             0x080047dc   Section        0  heap_4.o(i.prvInsertBlockIntoFreeList)
    prvInsertBlockIntoFreeList               0x080047dd   Thumb Code    72  heap_4.o(i.prvInsertBlockIntoFreeList)
    i.prvIsQueueEmpty                        0x08004828   Section        0  queue.o(i.prvIsQueueEmpty)
    prvIsQueueEmpty                          0x08004829   Thumb Code    28  queue.o(i.prvIsQueueEmpty)
    i.prvResetNextTaskUnblockTime            0x08004844   Section        0  tasks.o(i.prvResetNextTaskUnblockTime)
    prvResetNextTaskUnblockTime              0x08004845   Thumb Code    26  tasks.o(i.prvResetNextTaskUnblockTime)
    i.prvTaskExitError                       0x08004864   Section        0  port.o(i.prvTaskExitError)
    prvTaskExitError                         0x08004865   Thumb Code    36  port.o(i.prvTaskExitError)
    i.prvUnlockQueue                         0x0800488c   Section        0  queue.o(i.prvUnlockQueue)
    prvUnlockQueue                           0x0800488d   Thumb Code   106  queue.o(i.prvUnlockQueue)
    i.pvPortMalloc                           0x080048f8   Section        0  heap_4.o(i.pvPortMalloc)
    i.pvTaskIncrementMutexHeldCount          0x080049d0   Section        0  tasks.o(i.pvTaskIncrementMutexHeldCount)
    i.pxPortInitialiseStack                  0x080049e8   Section        0  port.o(i.pxPortInitialiseStack)
    i.realloc                                0x08004a14   Section        0  mallocr.o(i.realloc)
    i.utf16_literal_to_utf8                  0x08004a80   Section        0  cjson.o(i.utf16_literal_to_utf8)
    utf16_literal_to_utf8                    0x08004a81   Thumb Code   210  cjson.o(i.utf16_literal_to_utf8)
    i.uxListRemove                           0x08004b52   Section        0  list.o(i.uxListRemove)
    i.vApplicationGetIdleTaskMemory          0x08004b78   Section        0  freertos.o(i.vApplicationGetIdleTaskMemory)
    i.vListInitialise                        0x08004b8c   Section        0  list.o(i.vListInitialise)
    i.vListInitialiseItem                    0x08004ba2   Section        0  list.o(i.vListInitialiseItem)
    i.vListInsert                            0x08004ba8   Section        0  list.o(i.vListInsert)
    i.vListInsertEnd                         0x08004bd8   Section        0  list.o(i.vListInsertEnd)
    i.vPortEnterCritical                     0x08004bf0   Section        0  port.o(i.vPortEnterCritical)
    i.vPortExitCritical                      0x08004c30   Section        0  port.o(i.vPortExitCritical)
    i.vPortFree                              0x08004c58   Section        0  heap_4.o(i.vPortFree)
    i.vPortSetupTimerInterrupt               0x08004cb4   Section        0  port.o(i.vPortSetupTimerInterrupt)
    i.vPortValidateInterruptPriority         0x08004cd8   Section        0  port.o(i.vPortValidateInterruptPriority)
    i.vTaskDelay                             0x08004d2c   Section        0  tasks.o(i.vTaskDelay)
    i.vTaskInternalSetTimeOutState           0x08004d78   Section        0  tasks.o(i.vTaskInternalSetTimeOutState)
    i.vTaskMissedYield                       0x08004d88   Section        0  tasks.o(i.vTaskMissedYield)
    i.vTaskPlaceOnEventList                  0x08004d94   Section        0  tasks.o(i.vTaskPlaceOnEventList)
    i.vTaskPriorityDisinheritAfterTimeout    0x08004dc4   Section        0  tasks.o(i.vTaskPriorityDisinheritAfterTimeout)
    i.vTaskStartScheduler                    0x08004e6c   Section        0  tasks.o(i.vTaskStartScheduler)
    i.vTaskSuspendAll                        0x08004ed8   Section        0  tasks.o(i.vTaskSuspendAll)
    i.vTaskSwitchContext                     0x08004ee8   Section        0  tasks.o(i.vTaskSwitchContext)
    i.xPortStartScheduler                    0x08004f44   Section        0  port.o(i.xPortStartScheduler)
    i.xQueueGenericCreate                    0x08005038   Section        0  queue.o(i.xQueueGenericCreate)
    i.xQueueGenericCreateStatic              0x08005080   Section        0  queue.o(i.xQueueGenericCreateStatic)
    i.xQueueGenericReset                     0x080050e8   Section        0  queue.o(i.xQueueGenericReset)
    i.xQueueGenericSend                      0x08005170   Section        0  queue.o(i.xQueueGenericSend)
    i.xQueueGiveFromISR                      0x080052d0   Section        0  queue.o(i.xQueueGiveFromISR)
    i.xQueueReceiveFromISR                   0x0800536c   Section        0  queue.o(i.xQueueReceiveFromISR)
    i.xQueueSemaphoreTake                    0x08005408   Section        0  queue.o(i.xQueueSemaphoreTake)
    i.xTaskCheckForTimeOut                   0x08005580   Section        0  tasks.o(i.xTaskCheckForTimeOut)
    i.xTaskCreate                            0x080055f4   Section        0  tasks.o(i.xTaskCreate)
    i.xTaskCreateStatic                      0x0800564e   Section        0  tasks.o(i.xTaskCreateStatic)
    i.xTaskGetSchedulerState                 0x080056a4   Section        0  tasks.o(i.xTaskGetSchedulerState)
    i.xTaskIncrementTick                     0x080056c0   Section        0  tasks.o(i.xTaskIncrementTick)
    i.xTaskPriorityDisinherit                0x08005788   Section        0  tasks.o(i.xTaskPriorityDisinherit)
    i.xTaskPriorityInherit                   0x08005820   Section        0  tasks.o(i.xTaskPriorityInherit)
    i.xTaskRemoveFromEventList               0x080058b4   Section        0  tasks.o(i.xTaskRemoveFromEventList)
    i.xTaskResumeAll                         0x08005928   Section        0  tasks.o(i.xTaskResumeAll)
    .constdata                               0x080059ec   Section       84  freertos.o(.constdata)
    .constdata                               0x08005a40   Section       16  system_stm32f4xx.o(.constdata)
    .constdata                               0x08005a50   Section        8  system_stm32f4xx.o(.constdata)
    .constdata                               0x08005a58   Section       64  ctype_c.o(.constdata)
    .conststring                             0x08005a98   Section       35  freertos.o(.conststring)
    .data                                    0x20000000   Section       20  cjson.o(.data)
    global_error                             0x20000000   Data           8  cjson.o(.data)
    global_hooks                             0x20000008   Data          12  cjson.o(.data)
    .data                                    0x20000014   Section      323  main.o(.data)
    .data                                    0x20000158   Section       46  freertos.o(.data)
    .data                                    0x20000188   Section       12  stm32f4xx_hal.o(.data)
    .data                                    0x20000194   Section        4  system_stm32f4xx.o(.data)
    .data                                    0x20000198   Section       60  tasks.o(.data)
    pxDelayedTaskList                        0x2000019c   Data           4  tasks.o(.data)
    pxOverflowDelayedTaskList                0x200001a0   Data           4  tasks.o(.data)
    uxDeletedTasksWaitingCleanUp             0x200001a4   Data           4  tasks.o(.data)
    uxCurrentNumberOfTasks                   0x200001a8   Data           4  tasks.o(.data)
    xTickCount                               0x200001ac   Data           4  tasks.o(.data)
    uxTopReadyPriority                       0x200001b0   Data           4  tasks.o(.data)
    xSchedulerRunning                        0x200001b4   Data           4  tasks.o(.data)
    uxPendedTicks                            0x200001b8   Data           4  tasks.o(.data)
    xYieldPending                            0x200001bc   Data           4  tasks.o(.data)
    xNumOfOverflows                          0x200001c0   Data           4  tasks.o(.data)
    uxTaskNumber                             0x200001c4   Data           4  tasks.o(.data)
    xNextTaskUnblockTime                     0x200001c8   Data           4  tasks.o(.data)
    xIdleTaskHandle                          0x200001cc   Data           4  tasks.o(.data)
    uxSchedulerSuspended                     0x200001d0   Data           4  tasks.o(.data)
    .data                                    0x200001d4   Section       24  heap_4.o(.data)
    pxEnd                                    0x200001d4   Data           4  heap_4.o(.data)
    xFreeBytesRemaining                      0x200001d8   Data           4  heap_4.o(.data)
    xMinimumEverFreeBytesRemaining           0x200001dc   Data           4  heap_4.o(.data)
    xBlockAllocatedBit                       0x200001e0   Data           4  heap_4.o(.data)
    xStart                                   0x200001e4   Data           8  heap_4.o(.data)
    .data                                    0x200001ec   Section       12  port.o(.data)
    ucMaxSysCallPriority                     0x200001ec   Data           1  port.o(.data)
    uxCriticalNesting                        0x200001f0   Data           4  port.o(.data)
    ulMaxPRIGROUPValue                       0x200001f4   Data           4  port.o(.data)
    .data                                    0x200001f8   Section        4  stdout.o(.data)
    .data                                    0x200001fc   Section        4  mvars.o(.data)
    .data                                    0x20000200   Section        4  mvars.o(.data)
    .bss                                     0x20000204   Section     2256  main.o(.bss)
    .bss                                     0x20000ad4   Section      616  freertos.o(.bss)
    xIdleTaskTCBBuffer                       0x20000ae8   Data          84  freertos.o(.bss)
    xIdleStack                               0x20000b3c   Data         512  freertos.o(.bss)
    .bss                                     0x20000d3c   Section       32  rtc.o(.bss)
    .bss                                     0x20000d5c   Section      192  usart.o(.bss)
    .bss                                     0x20000e1c   Section       64  stm32f4xx_hal_timebase_tim.o(.bss)
    .bss                                     0x20000e5c   Section      240  tasks.o(.bss)
    pxReadyTasksLists                        0x20000e5c   Data         140  tasks.o(.bss)
    xDelayedTaskList1                        0x20000ee8   Data          20  tasks.o(.bss)
    xDelayedTaskList2                        0x20000efc   Data          20  tasks.o(.bss)
    xPendingReadyList                        0x20000f10   Data          20  tasks.o(.bss)
    xTasksWaitingTermination                 0x20000f24   Data          20  tasks.o(.bss)
    xSuspendedTaskList                       0x20000f38   Data          20  tasks.o(.bss)
    .bss                                     0x20000f4c   Section    15360  heap_4.o(.bss)
    ucHeap                                   0x20000f4c   Data       15360  heap_4.o(.bss)
    HEAP                                     0x20004b50   Section    20480  startup_stm32f407xx.o(HEAP)
    STACK                                    0x20009b50   Section     1024  startup_stm32f407xx.o(STACK)

    Global Symbols

    Symbol Name                              Value     Ov Type        Size  Object(Section)

    BuildAttributes$$THM_ISAv4$E$P$D$K$B$S$7EM$VFPi3$EXTD16$VFPS$VFMA$PE$A:L22UL41UL21$X:L11$S22US41US21$IEEE1$IW$USESV6$~STKCKD$USESV7$~SHL$OTIME$ROPI$IEEEJ$EBA8$MICROLIB$REQ8$PRES8$EABIv2 0x00000000   Number         0  anon$$obj.o ABSOLUTE
    __ARM_use_no_argv                        0x00000000   Number         0  main.o ABSOLUTE
    _printf_a                                0x00000000   Number         0  stubs.o ABSOLUTE
    _printf_c                                0x00000000   Number         0  stubs.o ABSOLUTE
    _printf_charcount                        0x00000000   Number         0  stubs.o ABSOLUTE
    _printf_d                                0x00000000   Number         0  stubs.o ABSOLUTE
    _printf_e                                0x00000000   Number         0  stubs.o ABSOLUTE
    _printf_f                                0x00000000   Number         0  stubs.o ABSOLUTE
    _printf_flags                            0x00000000   Number         0  stubs.o ABSOLUTE
    _printf_fp_dec                           0x00000000   Number         0  stubs.o ABSOLUTE
    _printf_fp_hex                           0x00000000   Number         0  stubs.o ABSOLUTE
    _printf_g                                0x00000000   Number         0  stubs.o ABSOLUTE
    _printf_i                                0x00000000   Number         0  stubs.o ABSOLUTE
    _printf_int_dec                          0x00000000   Number         0  stubs.o ABSOLUTE
    _printf_l                                0x00000000   Number         0  stubs.o ABSOLUTE
    _printf_lc                               0x00000000   Number         0  stubs.o ABSOLUTE
    _printf_ll                               0x00000000   Number         0  stubs.o ABSOLUTE
    _printf_lld                              0x00000000   Number         0  stubs.o ABSOLUTE
    _printf_lli                              0x00000000   Number         0  stubs.o ABSOLUTE
    _printf_llo                              0x00000000   Number         0  stubs.o ABSOLUTE
    _printf_llu                              0x00000000   Number         0  stubs.o ABSOLUTE
    _printf_llx                              0x00000000   Number         0  stubs.o ABSOLUTE
    _printf_longlong_dec                     0x00000000   Number         0  stubs.o ABSOLUTE
    _printf_longlong_hex                     0x00000000   Number         0  stubs.o ABSOLUTE
    _printf_longlong_oct                     0x00000000   Number         0  stubs.o ABSOLUTE
    _printf_ls                               0x00000000   Number         0  stubs.o ABSOLUTE
    _printf_mbtowc                           0x00000000   Number         0  stubs.o ABSOLUTE
    _printf_n                                0x00000000   Number         0  stubs.o ABSOLUTE
    _printf_o                                0x00000000   Number         0  stubs.o ABSOLUTE
    _printf_p                                0x00000000   Number         0  stubs.o ABSOLUTE
    _printf_percent                          0x00000000   Number         0  stubs.o ABSOLUTE
    _printf_pre_padding                      0x00000000   Number         0  stubs.o ABSOLUTE
    _printf_return_value                     0x00000000   Number         0  stubs.o ABSOLUTE
    _printf_s                                0x00000000   Number         0  stubs.o ABSOLUTE
    _printf_sizespec                         0x00000000   Number         0  stubs.o ABSOLUTE
    _printf_str                              0x00000000   Number         0  stubs.o ABSOLUTE
    _printf_truncate_signed                  0x00000000   Number         0  stubs.o ABSOLUTE
    _printf_truncate_unsigned                0x00000000   Number         0  stubs.o ABSOLUTE
    _printf_u                                0x00000000   Number         0  stubs.o ABSOLUTE
    _printf_wc                               0x00000000   Number         0  stubs.o ABSOLUTE
    _printf_wctomb                           0x00000000   Number         0  stubs.o ABSOLUTE
    _printf_widthprec                        0x00000000   Number         0  stubs.o ABSOLUTE
    _printf_x                                0x00000000   Number         0  stubs.o ABSOLUTE
    __cpp_initialize__aeabi_                  - Undefined Weak Reference
    __cxa_finalize                            - Undefined Weak Reference
    _clock_init                               - Undefined Weak Reference
    _microlib_exit                            - Undefined Weak Reference
    _scanf_int                                - Undefined Weak Reference
    _scanf_longlong                           - Undefined Weak Reference
    _scanf_string                             - Undefined Weak Reference
    __Vectors_Size                           0x00000188   Number         0  startup_stm32f407xx.o ABSOLUTE
    __Vectors                                0x08000000   Data           4  startup_stm32f407xx.o(RESET)
    __Vectors_End                            0x08000188   Data           0  startup_stm32f407xx.o(RESET)
    __main                                   0x08000189   Thumb Code     0  entry.o(.ARM.Collect$$$$00000000)
    _main_stk                                0x08000189   Thumb Code     0  entry2.o(.ARM.Collect$$$$00000001)
    _main_scatterload                        0x0800018d   Thumb Code     0  entry5.o(.ARM.Collect$$$$00000004)
    __main_after_scatterload                 0x08000191   Thumb Code     0  entry5.o(.ARM.Collect$$$$00000004)
    _main_clock                              0x08000191   Thumb Code     0  entry7b.o(.ARM.Collect$$$$00000008)
    _main_cpp_init                           0x08000191   Thumb Code     0  entry8b.o(.ARM.Collect$$$$0000000A)
    _main_init                               0x08000191   Thumb Code     0  entry9a.o(.ARM.Collect$$$$0000000B)
    __rt_final_cpp                           0x08000199   Thumb Code     0  entry10a.o(.ARM.Collect$$$$0000000D)
    __rt_final_exit                          0x08000199   Thumb Code     0  entry11a.o(.ARM.Collect$$$$0000000F)
    SVC_Handler                              0x0800019d   Thumb Code    28  port.o(.emb_text)
    __asm___6_port_c_39a90d8d__prvStartFirstTask 0x080001bd   Thumb Code    36  port.o(.emb_text)
    __asm___6_port_c_39a90d8d__prvEnableVFP  0x080001e5   Thumb Code    16  port.o(.emb_text)
    PendSV_Handler                           0x080001f9   Thumb Code    88  port.o(.emb_text)
    vPortGetIPSR                             0x08000255   Thumb Code     6  port.o(.emb_text)
    Reset_Handler                            0x0800025d   Thumb Code     8  startup_stm32f407xx.o(.text)
    ADC_IRQHandler                           0x08000277   Thumb Code     0  startup_stm32f407xx.o(.text)
    CAN1_RX0_IRQHandler                      0x08000277   Thumb Code     0  startup_stm32f407xx.o(.text)
    CAN1_RX1_IRQHandler                      0x08000277   Thumb Code     0  startup_stm32f407xx.o(.text)
    CAN1_SCE_IRQHandler                      0x08000277   Thumb Code     0  startup_stm32f407xx.o(.text)
    CAN1_TX_IRQHandler                       0x08000277   Thumb Code     0  startup_stm32f407xx.o(.text)
    CAN2_RX0_IRQHandler                      0x08000277   Thumb Code     0  startup_stm32f407xx.o(.text)
    CAN2_RX1_IRQHandler                      0x08000277   Thumb Code     0  startup_stm32f407xx.o(.text)
    CAN2_SCE_IRQHandler                      0x08000277   Thumb Code     0  startup_stm32f407xx.o(.text)
    CAN2_TX_IRQHandler                       0x08000277   Thumb Code     0  startup_stm32f407xx.o(.text)
    DCMI_IRQHandler                          0x08000277   Thumb Code     0  startup_stm32f407xx.o(.text)
    DMA1_Stream0_IRQHandler                  0x08000277   Thumb Code     0  startup_stm32f407xx.o(.text)
    DMA1_Stream1_IRQHandler                  0x08000277   Thumb Code     0  startup_stm32f407xx.o(.text)
    DMA1_Stream2_IRQHandler                  0x08000277   Thumb Code     0  startup_stm32f407xx.o(.text)
    DMA1_Stream3_IRQHandler                  0x08000277   Thumb Code     0  startup_stm32f407xx.o(.text)
    DMA1_Stream4_IRQHandler                  0x08000277   Thumb Code     0  startup_stm32f407xx.o(.text)
    DMA1_Stream5_IRQHandler                  0x08000277   Thumb Code     0  startup_stm32f407xx.o(.text)
    DMA1_Stream6_IRQHandler                  0x08000277   Thumb Code     0  startup_stm32f407xx.o(.text)
    DMA1_Stream7_IRQHandler                  0x08000277   Thumb Code     0  startup_stm32f407xx.o(.text)
    DMA2_Stream0_IRQHandler                  0x08000277   Thumb Code     0  startup_stm32f407xx.o(.text)
    DMA2_Stream1_IRQHandler                  0x08000277   Thumb Code     0  startup_stm32f407xx.o(.text)
    DMA2_Stream2_IRQHandler                  0x08000277   Thumb Code     0  startup_stm32f407xx.o(.text)
    DMA2_Stream3_IRQHandler                  0x08000277   Thumb Code     0  startup_stm32f407xx.o(.text)
    DMA2_Stream4_IRQHandler                  0x08000277   Thumb Code     0  startup_stm32f407xx.o(.text)
    DMA2_Stream5_IRQHandler                  0x08000277   Thumb Code     0  startup_stm32f407xx.o(.text)
    DMA2_Stream6_IRQHandler                  0x08000277   Thumb Code     0  startup_stm32f407xx.o(.text)
    DMA2_Stream7_IRQHandler                  0x08000277   Thumb Code     0  startup_stm32f407xx.o(.text)
    ETH_IRQHandler                           0x08000277   Thumb Code     0  startup_stm32f407xx.o(.text)
    ETH_WKUP_IRQHandler                      0x08000277   Thumb Code     0  startup_stm32f407xx.o(.text)
    EXTI0_IRQHandler                         0x08000277   Thumb Code     0  startup_stm32f407xx.o(.text)
    EXTI15_10_IRQHandler                     0x08000277   Thumb Code     0  startup_stm32f407xx.o(.text)
    EXTI1_IRQHandler                         0x08000277   Thumb Code     0  startup_stm32f407xx.o(.text)
    EXTI2_IRQHandler                         0x08000277   Thumb Code     0  startup_stm32f407xx.o(.text)
    EXTI3_IRQHandler                         0x08000277   Thumb Code     0  startup_stm32f407xx.o(.text)
    EXTI4_IRQHandler                         0x08000277   Thumb Code     0  startup_stm32f407xx.o(.text)
    EXTI9_5_IRQHandler                       0x08000277   Thumb Code     0  startup_stm32f407xx.o(.text)
    FLASH_IRQHandler                         0x08000277   Thumb Code     0  startup_stm32f407xx.o(.text)
    FMC_IRQHandler                           0x08000277   Thumb Code     0  startup_stm32f407xx.o(.text)
    FPU_IRQHandler                           0x08000277   Thumb Code     0  startup_stm32f407xx.o(.text)
    HASH_RNG_IRQHandler                      0x08000277   Thumb Code     0  startup_stm32f407xx.o(.text)
    I2C1_ER_IRQHandler                       0x08000277   Thumb Code     0  startup_stm32f407xx.o(.text)
    I2C1_EV_IRQHandler                       0x08000277   Thumb Code     0  startup_stm32f407xx.o(.text)
    I2C2_ER_IRQHandler                       0x08000277   Thumb Code     0  startup_stm32f407xx.o(.text)
    I2C2_EV_IRQHandler                       0x08000277   Thumb Code     0  startup_stm32f407xx.o(.text)
    I2C3_ER_IRQHandler                       0x08000277   Thumb Code     0  startup_stm32f407xx.o(.text)
    I2C3_EV_IRQHandler                       0x08000277   Thumb Code     0  startup_stm32f407xx.o(.text)
    OTG_FS_IRQHandler                        0x08000277   Thumb Code     0  startup_stm32f407xx.o(.text)
    OTG_FS_WKUP_IRQHandler                   0x08000277   Thumb Code     0  startup_stm32f407xx.o(.text)
    OTG_HS_EP1_IN_IRQHandler                 0x08000277   Thumb Code     0  startup_stm32f407xx.o(.text)
    OTG_HS_EP1_OUT_IRQHandler                0x08000277   Thumb Code     0  startup_stm32f407xx.o(.text)
    OTG_HS_IRQHandler                        0x08000277   Thumb Code     0  startup_stm32f407xx.o(.text)
    OTG_HS_WKUP_IRQHandler                   0x08000277   Thumb Code     0  startup_stm32f407xx.o(.text)
    PVD_IRQHandler                           0x08000277   Thumb Code     0  startup_stm32f407xx.o(.text)
    RCC_IRQHandler                           0x08000277   Thumb Code     0  startup_stm32f407xx.o(.text)
    RTC_Alarm_IRQHandler                     0x08000277   Thumb Code     0  startup_stm32f407xx.o(.text)
    RTC_WKUP_IRQHandler                      0x08000277   Thumb Code     0  startup_stm32f407xx.o(.text)
    SDIO_IRQHandler                          0x08000277   Thumb Code     0  startup_stm32f407xx.o(.text)
    SPI1_IRQHandler                          0x08000277   Thumb Code     0  startup_stm32f407xx.o(.text)
    SPI2_IRQHandler                          0x08000277   Thumb Code     0  startup_stm32f407xx.o(.text)
    SPI3_IRQHandler                          0x08000277   Thumb Code     0  startup_stm32f407xx.o(.text)
    TAMP_STAMP_IRQHandler                    0x08000277   Thumb Code     0  startup_stm32f407xx.o(.text)
    TIM1_BRK_TIM9_IRQHandler                 0x08000277   Thumb Code     0  startup_stm32f407xx.o(.text)
    TIM1_CC_IRQHandler                       0x08000277   Thumb Code     0  startup_stm32f407xx.o(.text)
    TIM1_TRG_COM_TIM11_IRQHandler            0x08000277   Thumb Code     0  startup_stm32f407xx.o(.text)
    TIM2_IRQHandler                          0x08000277   Thumb Code     0  startup_stm32f407xx.o(.text)
    TIM3_IRQHandler                          0x08000277   Thumb Code     0  startup_stm32f407xx.o(.text)
    TIM4_IRQHandler                          0x08000277   Thumb Code     0  startup_stm32f407xx.o(.text)
    TIM5_IRQHandler                          0x08000277   Thumb Code     0  startup_stm32f407xx.o(.text)
    TIM6_DAC_IRQHandler                      0x08000277   Thumb Code     0  startup_stm32f407xx.o(.text)
    TIM7_IRQHandler                          0x08000277   Thumb Code     0  startup_stm32f407xx.o(.text)
    TIM8_BRK_TIM12_IRQHandler                0x08000277   Thumb Code     0  startup_stm32f407xx.o(.text)
    TIM8_CC_IRQHandler                       0x08000277   Thumb Code     0  startup_stm32f407xx.o(.text)
    TIM8_TRG_COM_TIM14_IRQHandler            0x08000277   Thumb Code     0  startup_stm32f407xx.o(.text)
    TIM8_UP_TIM13_IRQHandler                 0x08000277   Thumb Code     0  startup_stm32f407xx.o(.text)
    UART4_IRQHandler                         0x08000277   Thumb Code     0  startup_stm32f407xx.o(.text)
    UART5_IRQHandler                         0x08000277   Thumb Code     0  startup_stm32f407xx.o(.text)
    USART6_IRQHandler                        0x08000277   Thumb Code     0  startup_stm32f407xx.o(.text)
    WWDG_IRQHandler                          0x08000277   Thumb Code     0  startup_stm32f407xx.o(.text)
    __aeabi_uldivmod                         0x08000281   Thumb Code    98  uldiv.o(.text)
    tolower                                  0x080002e3   Thumb Code    12  tolower.o(.text)
    __aeabi_memcpy                           0x080002ef   Thumb Code    36  memcpya.o(.text)
    __aeabi_memcpy4                          0x080002ef   Thumb Code     0  memcpya.o(.text)
    __aeabi_memcpy8                          0x080002ef   Thumb Code     0  memcpya.o(.text)
    __aeabi_memset                           0x08000313   Thumb Code    14  memseta.o(.text)
    __aeabi_memset4                          0x08000313   Thumb Code     0  memseta.o(.text)
    __aeabi_memset8                          0x08000313   Thumb Code     0  memseta.o(.text)
    __aeabi_memclr                           0x08000321   Thumb Code     4  memseta.o(.text)
    __aeabi_memclr4                          0x08000321   Thumb Code     0  memseta.o(.text)
    __aeabi_memclr8                          0x08000321   Thumb Code     0  memseta.o(.text)
    memset                                   0x08000325   Thumb Code    18  memseta.o(.text)
    strlen                                   0x08000337   Thumb Code    14  strlen.o(.text)
    strcmp                                   0x08000345   Thumb Code    28  strcmp.o(.text)
    strcpy                                   0x08000361   Thumb Code    18  strcpy.o(.text)
    strncmp                                  0x08000373   Thumb Code    30  strncmp.o(.text)
    _scanf_real                              0x080004b9   Thumb Code     0  scanf_fp.o(.text)
    _scanf_really_real                       0x080004b9   Thumb Code   556  scanf_fp.o(.text)
    __aeabi_dadd                             0x080006f1   Thumb Code   322  dadd.o(.text)
    __aeabi_dsub                             0x08000833   Thumb Code     6  dadd.o(.text)
    __aeabi_drsub                            0x08000839   Thumb Code     6  dadd.o(.text)
    __aeabi_dmul                             0x0800083f   Thumb Code   228  dmul.o(.text)
    __aeabi_d2iz                             0x08000923   Thumb Code    62  dfixi.o(.text)
    __aeabi_cdcmpeq                          0x08000961   Thumb Code     0  cdcmple.o(.text)
    __aeabi_cdcmple                          0x08000961   Thumb Code    48  cdcmple.o(.text)
    __aeabi_cdrcmple                         0x08000991   Thumb Code    48  cdrcmple.o(.text)
    __aeabi_uidiv                            0x080009c1   Thumb Code     0  uidiv.o(.text)
    __aeabi_uidivmod                         0x080009c1   Thumb Code    44  uidiv.o(.text)
    __aeabi_llsl                             0x080009ed   Thumb Code    30  llshl.o(.text)
    _ll_shift_l                              0x080009ed   Thumb Code     0  llshl.o(.text)
    __aeabi_llsr                             0x08000a0b   Thumb Code    32  llushr.o(.text)
    _ll_ushift_r                             0x08000a0b   Thumb Code     0  llushr.o(.text)
    __aeabi_lasr                             0x08000a2b   Thumb Code    36  llsshr.o(.text)
    _ll_sshift_r                             0x08000a2b   Thumb Code     0  llsshr.o(.text)
    _sgetc                                   0x08000a4f   Thumb Code    30  _sgetc.o(.text)
    _sbackspace                              0x08000a6d   Thumb Code    34  _sgetc.o(.text)
    __strtod_int                             0x08000ac7   Thumb Code    90  strtod.o(.text)
    __I$use$fp                               0x08000b2d   Thumb Code     0  iusefp.o(.text)
    _double_round                            0x08000b2d   Thumb Code    30  depilogue.o(.text)
    _double_epilogue                         0x08000b4b   Thumb Code   156  depilogue.o(.text)
    __aeabi_ddiv                             0x08000be7   Thumb Code   222  ddiv.o(.text)
    __aeabi_ul2d                             0x08000cc5   Thumb Code    24  dfltul.o(.text)
    __aeabi_d2ulz                            0x08000cdd   Thumb Code    48  dfixul.o(.text)
    __aeabi_d2f                              0x08000d0d   Thumb Code    56  d2f.o(.text)
    __scatterload                            0x08000d45   Thumb Code    28  init.o(.text)
    __scatterload_rt2                        0x08000d45   Thumb Code     0  init.o(.text)
    isspace                                  0x08000d69   Thumb Code    10  isspace_c.o(.text)
    _float_round                             0x08000d73   Thumb Code    18  fepilogue.o(.text)
    _float_epilogue                          0x08000d85   Thumb Code    92  fepilogue.o(.text)
    __ctype_lookup                           0x08000de1   Thumb Code    34  ctype_c.o(.text)
    __decompress                             0x08000e09   Thumb Code     0  __dczerorl2.o(.text)
    __decompress1                            0x08000e09   Thumb Code    86  __dczerorl2.o(.text)
    BusFault_Handler                         0x08000e5f   Thumb Code     2  stm32f4xx_it.o(i.BusFault_Handler)
    DebugMon_Handler                         0x08000e61   Thumb Code     2  stm32f4xx_it.o(i.DebugMon_Handler)
    ESP8266_Init                             0x08000e65   Thumb Code    60  main.o(i.ESP8266_Init)
    Error_Handler                            0x08000ea5   Thumb Code     2  main.o(i.Error_Handler)
    FreeROTS_ESP8266_Init                    0x08000ea9   Thumb Code    60  main.o(i.FreeROTS_ESP8266_Init)
    FreeRTOS_command                         0x08000ee9   Thumb Code    40  main.o(i.FreeRTOS_command)
    HAL_DMA_Abort_IT                         0x08000f19   Thumb Code    36  stm32f4xx_hal_dma.o(i.HAL_DMA_Abort_IT)
    HAL_Delay                                0x08000f3d   Thumb Code    32  stm32f4xx_hal.o(i.HAL_Delay)
    HAL_GPIO_Init                            0x08000f61   Thumb Code   394  stm32f4xx_hal_gpio.o(i.HAL_GPIO_Init)
    HAL_GPIO_TogglePin                       0x08001119   Thumb Code    14  stm32f4xx_hal_gpio.o(i.HAL_GPIO_TogglePin)
    HAL_GPIO_WritePin                        0x08001127   Thumb Code    10  stm32f4xx_hal_gpio.o(i.HAL_GPIO_WritePin)
    HAL_GetTick                              0x08001131   Thumb Code     6  stm32f4xx_hal.o(i.HAL_GetTick)
    HAL_IncTick                              0x0800113d   Thumb Code    12  stm32f4xx_hal.o(i.HAL_IncTick)
    HAL_Init                                 0x0800114d   Thumb Code    48  stm32f4xx_hal.o(i.HAL_Init)
    HAL_InitTick                             0x08001181   Thumb Code    98  stm32f4xx_hal_timebase_tim.o(i.HAL_InitTick)
    HAL_MspInit                              0x080011f5   Thumb Code    52  stm32f4xx_hal_msp.o(i.HAL_MspInit)
    HAL_NVIC_EnableIRQ                       0x0800122d   Thumb Code    26  stm32f4xx_hal_cortex.o(i.HAL_NVIC_EnableIRQ)
    HAL_NVIC_SetPriority                     0x08001249   Thumb Code    60  stm32f4xx_hal_cortex.o(i.HAL_NVIC_SetPriority)
    HAL_NVIC_SetPriorityGrouping             0x08001289   Thumb Code    26  stm32f4xx_hal_cortex.o(i.HAL_NVIC_SetPriorityGrouping)
    HAL_RCCEx_PeriphCLKConfig                0x080012ad   Thumb Code   296  stm32f4xx_hal_rcc_ex.o(i.HAL_RCCEx_PeriphCLKConfig)
    HAL_RCC_ClockConfig                      0x080013e9   Thumb Code   288  stm32f4xx_hal_rcc.o(i.HAL_RCC_ClockConfig)
    HAL_RCC_GetClockConfig                   0x0800151d   Thumb Code    54  stm32f4xx_hal_rcc.o(i.HAL_RCC_GetClockConfig)
    HAL_RCC_GetPCLK1Freq                     0x0800155d   Thumb Code    20  stm32f4xx_hal_rcc.o(i.HAL_RCC_GetPCLK1Freq)
    HAL_RCC_GetPCLK2Freq                     0x0800157d   Thumb Code    20  stm32f4xx_hal_rcc.o(i.HAL_RCC_GetPCLK2Freq)
    HAL_RCC_GetSysClockFreq                  0x0800159d   Thumb Code    88  stm32f4xx_hal_rcc.o(i.HAL_RCC_GetSysClockFreq)
    HAL_RCC_OscConfig                        0x080015fd   Thumb Code   840  stm32f4xx_hal_rcc.o(i.HAL_RCC_OscConfig)
    HAL_RTC_GetDate                          0x08001959   Thumb Code    62  stm32f4xx_hal_rtc.o(i.HAL_RTC_GetDate)
    HAL_RTC_GetTime                          0x0800199d   Thumb Code    82  stm32f4xx_hal_rtc.o(i.HAL_RTC_GetTime)
    HAL_RTC_Init                             0x080019f5   Thumb Code   166  stm32f4xx_hal_rtc.o(i.HAL_RTC_Init)
    HAL_RTC_MspInit                          0x08001aa1   Thumb Code    16  rtc.o(i.HAL_RTC_MspInit)
    HAL_RTC_SetDate                          0x08001ab9   Thumb Code   194  stm32f4xx_hal_rtc.o(i.HAL_RTC_SetDate)
    HAL_RTC_SetTime                          0x08001b81   Thumb Code   230  stm32f4xx_hal_rtc.o(i.HAL_RTC_SetTime)
    HAL_RTC_WaitForSynchro                   0x08001c6d   Thumb Code    54  stm32f4xx_hal_rtc.o(i.HAL_RTC_WaitForSynchro)
    HAL_TIMEx_BreakCallback                  0x08001ca3   Thumb Code     2  stm32f4xx_hal_tim_ex.o(i.HAL_TIMEx_BreakCallback)
    HAL_TIMEx_CommutCallback                 0x08001ca5   Thumb Code     2  stm32f4xx_hal_tim_ex.o(i.HAL_TIMEx_CommutCallback)
    HAL_TIM_Base_Init                        0x08001ca7   Thumb Code    54  stm32f4xx_hal_tim.o(i.HAL_TIM_Base_Init)
    HAL_TIM_Base_MspInit                     0x08001cdd   Thumb Code     2  stm32f4xx_hal_tim.o(i.HAL_TIM_Base_MspInit)
    HAL_TIM_Base_Start_IT                    0x08001cdf   Thumb Code    34  stm32f4xx_hal_tim.o(i.HAL_TIM_Base_Start_IT)
    HAL_TIM_IC_CaptureCallback               0x08001d01   Thumb Code     2  stm32f4xx_hal_tim.o(i.HAL_TIM_IC_CaptureCallback)
    HAL_TIM_IRQHandler                       0x08001d03   Thumb Code   358  stm32f4xx_hal_tim.o(i.HAL_TIM_IRQHandler)
    HAL_TIM_OC_DelayElapsedCallback          0x08001e69   Thumb Code     2  stm32f4xx_hal_tim.o(i.HAL_TIM_OC_DelayElapsedCallback)
    HAL_TIM_PWM_PulseFinishedCallback        0x08001e6b   Thumb Code     2  stm32f4xx_hal_tim.o(i.HAL_TIM_PWM_PulseFinishedCallback)
    HAL_TIM_PeriodElapsedCallback            0x08001e6d   Thumb Code    14  main.o(i.HAL_TIM_PeriodElapsedCallback)
    HAL_TIM_TriggerCallback                  0x08001e81   Thumb Code     2  stm32f4xx_hal_tim.o(i.HAL_TIM_TriggerCallback)
    HAL_UART_ErrorCallback                   0x08001e83   Thumb Code     2  stm32f4xx_hal_uart.o(i.HAL_UART_ErrorCallback)
    HAL_UART_GetState                        0x08001e85   Thumb Code    10  stm32f4xx_hal_uart.o(i.HAL_UART_GetState)
    HAL_UART_IRQHandler                      0x08001e91   Thumb Code   270  stm32f4xx_hal_uart.o(i.HAL_UART_IRQHandler)
    HAL_UART_Init                            0x08001fa5   Thumb Code    98  stm32f4xx_hal_uart.o(i.HAL_UART_Init)
    HAL_UART_MspInit                         0x08002009   Thumb Code   258  usart.o(i.HAL_UART_MspInit)
    HAL_UART_Receive_IT                      0x08002125   Thumb Code    82  stm32f4xx_hal_uart.o(i.HAL_UART_Receive_IT)
    HAL_UART_RxCpltCallback                  0x08002179   Thumb Code   122  main.o(i.HAL_UART_RxCpltCallback)
    HAL_UART_Transmit                        0x08002225   Thumb Code   186  stm32f4xx_hal_uart.o(i.HAL_UART_Transmit)
    HAL_UART_TxCpltCallback                  0x080022df   Thumb Code     2  stm32f4xx_hal_uart.o(i.HAL_UART_TxCpltCallback)
    HMISendb                                 0x080022e1   Thumb Code    48  main.o(i.HMISendb)
    HMISends                                 0x08002315   Thumb Code    46  main.o(i.HMISends)
    HMISendstart                             0x08002349   Thumb Code    24  main.o(i.HMISendstart)
    HardFault_Handler                        0x08002361   Thumb Code     2  stm32f4xx_it.o(i.HardFault_Handler)
    MX_FREERTOS_Init                         0x08002365   Thumb Code    90  freertos.o(i.MX_FREERTOS_Init)
    MX_GPIO_Init                             0x080023c9   Thumb Code   118  gpio.o(i.MX_GPIO_Init)
    MX_RTC_Init                              0x08002449   Thumb Code   120  rtc.o(i.MX_RTC_Init)
    MX_USART1_UART_Init                      0x080024c9   Thumb Code    48  usart.o(i.MX_USART1_UART_Init)
    MX_USART2_UART_Init                      0x08002501   Thumb Code    48  usart.o(i.MX_USART2_UART_Init)
    MX_USART3_UART_Init                      0x08002539   Thumb Code    48  usart.o(i.MX_USART3_UART_Init)
    MemManage_Handler                        0x08002571   Thumb Code     2  stm32f4xx_it.o(i.MemManage_Handler)
    NMI_Handler                              0x08002573   Thumb Code     2  stm32f4xx_it.o(i.NMI_Handler)
    RTC_Bcd2ToByte                           0x08002575   Thumb Code    18  stm32f4xx_hal_rtc.o(i.RTC_Bcd2ToByte)
    RTC_ByteToBcd2                           0x08002587   Thumb Code    22  stm32f4xx_hal_rtc.o(i.RTC_ByteToBcd2)
    RTC_EnterInitMode                        0x0800259d   Thumb Code    58  stm32f4xx_hal_rtc.o(i.RTC_EnterInitMode)
    StartTask01                              0x080025d9   Thumb Code   358  freertos.o(i.StartTask01)
    StartTask02                              0x08002855   Thumb Code    92  freertos.o(i.StartTask02)
    StartTask03                              0x080028e1   Thumb Code    60  freertos.o(i.StartTask03)
    SysTick_Handler                          0x0800292d   Thumb Code    38  port.o(i.SysTick_Handler)
    SystemClock_Config                       0x08002959   Thumb Code   150  main.o(i.SystemClock_Config)
    SystemInit                               0x080029f9   Thumb Code    22  system_stm32f4xx.o(i.SystemInit)
    TIM1_UP_TIM10_IRQHandler                 0x08002a15   Thumb Code     6  stm32f4xx_it.o(i.TIM1_UP_TIM10_IRQHandler)
    TIM_Base_SetConfig                       0x08002a21   Thumb Code   156  stm32f4xx_hal_tim.o(i.TIM_Base_SetConfig)
    USART1_IRQHandler                        0x08002d9d   Thumb Code     6  stm32f4xx_it.o(i.USART1_IRQHandler)
    USART2_IRQHandler                        0x08002da9   Thumb Code     6  stm32f4xx_it.o(i.USART2_IRQHandler)
    USART3_IRQHandler                        0x08002db5   Thumb Code     6  stm32f4xx_it.o(i.USART3_IRQHandler)
    UsageFault_Handler                       0x08002dc1   Thumb Code     2  stm32f4xx_it.o(i.UsageFault_Handler)
    __0printf                                0x08002dc5   Thumb Code    22  printfa.o(i.__0printf)
    __1printf                                0x08002dc5   Thumb Code     0  printfa.o(i.__0printf)
    __2printf                                0x08002dc5   Thumb Code     0  printfa.o(i.__0printf)
    __c89printf                              0x08002dc5   Thumb Code     0  printfa.o(i.__0printf)
    printf                                   0x08002dc5   Thumb Code     0  printfa.o(i.__0printf)
    __0sprintf                               0x08002de5   Thumb Code    34  printfa.o(i.__0sprintf)
    __1sprintf                               0x08002de5   Thumb Code     0  printfa.o(i.__0sprintf)
    __2sprintf                               0x08002de5   Thumb Code     0  printfa.o(i.__0sprintf)
    __c89sprintf                             0x08002de5   Thumb Code     0  printfa.o(i.__0sprintf)
    sprintf                                  0x08002de5   Thumb Code     0  printfa.o(i.__0sprintf)
    free                                     0x08002e2d   Thumb Code    88  mallocr.o(i.__free$realloc)
    __hardfp_strtod                          0x08002e89   Thumb Code    30  strtod.o(i.__hardfp_strtod)
    malloc                                   0x08002eb1   Thumb Code    64  mallocr.o(i.__malloc$realloc)
    __scatterload_copy                       0x08002f01   Thumb Code    14  handlers.o(i.__scatterload_copy)
    __scatterload_null                       0x08002f0f   Thumb Code     2  handlers.o(i.__scatterload_null)
    __scatterload_zeroinit                   0x08002f11   Thumb Code    14  handlers.o(i.__scatterload_zeroinit)
    _is_digit                                0x080030a5   Thumb Code    14  scanf_fp.o(i._is_digit)
    cJSON_Delete                             0x0800381d   Thumb Code    66  cjson.o(i.cJSON_Delete)
    cJSON_GetArrayItem                       0x08003865   Thumb Code    12  cjson.o(i.cJSON_GetArrayItem)
    cJSON_GetArraySize                       0x08003871   Thumb Code    26  cjson.o(i.cJSON_GetArraySize)
    cJSON_GetErrorPtr                        0x0800388d   Thumb Code    10  cjson.o(i.cJSON_GetErrorPtr)
    cJSON_GetObjectItem                      0x0800389d   Thumb Code     6  cjson.o(i.cJSON_GetObjectItem)
    cJSON_InitHooks                          0x080038a5   Thumb Code    54  cjson.o(i.cJSON_InitHooks)
    cJSON_Parse                              0x08003903   Thumb Code     8  cjson.o(i.cJSON_Parse)
    cJSON_ParseWithLengthOpts                0x0800390d   Thumb Code   210  cjson.o(i.cJSON_ParseWithLengthOpts)
    cJSON_ParseWithOpts                      0x080039e9   Thumb Code    34  cjson.o(i.cJSON_ParseWithOpts)
    cJSON_free                               0x08003a0d   Thumb Code     6  cjson.o(i.cJSON_free)
    command                                  0x08003a19   Thumb Code    40  main.o(i.command)
    fputc                                    0x08003a49   Thumb Code    20  usart.o(i.fputc)
    main                                     0x08003b4d   Thumb Code   402  main.o(i.main)
    osDelay                                  0x08003df5   Thumb Code    14  cmsis_os.o(i.osDelay)
    osKernelStart                            0x08003e03   Thumb Code    10  cmsis_os.o(i.osKernelStart)
    osSemaphoreCreate                        0x08003e0d   Thumb Code    62  cmsis_os.o(i.osSemaphoreCreate)
    osSemaphoreRelease                       0x08003e4d   Thumb Code    74  cmsis_os.o(i.osSemaphoreRelease)
    osSemaphoreWait                          0x08003e9d   Thumb Code    96  cmsis_os.o(i.osSemaphoreWait)
    osThreadCreate                           0x08003f01   Thumb Code    84  cmsis_os.o(i.osThreadCreate)
    pvPortMalloc                             0x080048f9   Thumb Code   210  heap_4.o(i.pvPortMalloc)
    pvTaskIncrementMutexHeldCount            0x080049d1   Thumb Code    18  tasks.o(i.pvTaskIncrementMutexHeldCount)
    pxPortInitialiseStack                    0x080049e9   Thumb Code    40  port.o(i.pxPortInitialiseStack)
    realloc                                  0x08004a15   Thumb Code   102  mallocr.o(i.realloc)
    uxListRemove                             0x08004b53   Thumb Code    38  list.o(i.uxListRemove)
    vApplicationGetIdleTaskMemory            0x08004b79   Thumb Code    16  freertos.o(i.vApplicationGetIdleTaskMemory)
    vListInitialise                          0x08004b8d   Thumb Code    22  list.o(i.vListInitialise)
    vListInitialiseItem                      0x08004ba3   Thumb Code     6  list.o(i.vListInitialiseItem)
    vListInsert                              0x08004ba9   Thumb Code    48  list.o(i.vListInsert)
    vListInsertEnd                           0x08004bd9   Thumb Code    24  list.o(i.vListInsertEnd)
    vPortEnterCritical                       0x08004bf1   Thumb Code    54  port.o(i.vPortEnterCritical)
    vPortExitCritical                        0x08004c31   Thumb Code    34  port.o(i.vPortExitCritical)
    vPortFree                                0x08004c59   Thumb Code    88  heap_4.o(i.vPortFree)
    vPortSetupTimerInterrupt                 0x08004cb5   Thumb Code    32  port.o(i.vPortSetupTimerInterrupt)
    vPortValidateInterruptPriority           0x08004cd9   Thumb Code    74  port.o(i.vPortValidateInterruptPriority)
    vTaskDelay                               0x08004d2d   Thumb Code    66  tasks.o(i.vTaskDelay)
    vTaskInternalSetTimeOutState             0x08004d79   Thumb Code    12  tasks.o(i.vTaskInternalSetTimeOutState)
    vTaskMissedYield                         0x08004d89   Thumb Code     8  tasks.o(i.vTaskMissedYield)
    vTaskPlaceOnEventList                    0x08004d95   Thumb Code    44  tasks.o(i.vTaskPlaceOnEventList)
    vTaskPriorityDisinheritAfterTimeout      0x08004dc5   Thumb Code   160  tasks.o(i.vTaskPriorityDisinheritAfterTimeout)
    vTaskStartScheduler                      0x08004e6d   Thumb Code    90  tasks.o(i.vTaskStartScheduler)
    vTaskSuspendAll                          0x08004ed9   Thumb Code    10  tasks.o(i.vTaskSuspendAll)
    vTaskSwitchContext                       0x08004ee9   Thumb Code    82  tasks.o(i.vTaskSwitchContext)
    xPortStartScheduler                      0x08004f45   Thumb Code   222  port.o(i.xPortStartScheduler)
    xQueueGenericCreate                      0x08005039   Thumb Code    72  queue.o(i.xQueueGenericCreate)
    xQueueGenericCreateStatic                0x08005081   Thumb Code   102  queue.o(i.xQueueGenericCreateStatic)
    xQueueGenericReset                       0x080050e9   Thumb Code   132  queue.o(i.xQueueGenericReset)
    xQueueGenericSend                        0x08005171   Thumb Code   346  queue.o(i.xQueueGenericSend)
    xQueueGiveFromISR                        0x080052d1   Thumb Code   156  queue.o(i.xQueueGiveFromISR)
    xQueueReceiveFromISR                     0x0800536d   Thumb Code   154  queue.o(i.xQueueReceiveFromISR)
    xQueueSemaphoreTake                      0x08005409   Thumb Code   372  queue.o(i.xQueueSemaphoreTake)
    xTaskCheckForTimeOut                     0x08005581   Thumb Code   112  tasks.o(i.xTaskCheckForTimeOut)
    xTaskCreate                              0x080055f5   Thumb Code    90  tasks.o(i.xTaskCreate)
    xTaskCreateStatic                        0x0800564f   Thumb Code    86  tasks.o(i.xTaskCreateStatic)
    xTaskGetSchedulerState                   0x080056a5   Thumb Code    22  tasks.o(i.xTaskGetSchedulerState)
    xTaskIncrementTick                       0x080056c1   Thumb Code   192  tasks.o(i.xTaskIncrementTick)
    xTaskPriorityDisinherit                  0x08005789   Thumb Code   144  tasks.o(i.xTaskPriorityDisinherit)
    xTaskPriorityInherit                     0x08005821   Thumb Code   138  tasks.o(i.xTaskPriorityInherit)
    xTaskRemoveFromEventList                 0x080058b5   Thumb Code   108  tasks.o(i.xTaskRemoveFromEventList)
    xTaskResumeAll                           0x08005929   Thumb Code   182  tasks.o(i.xTaskResumeAll)
    AHBPrescTable                            0x08005a40   Data          16  system_stm32f4xx.o(.constdata)
    APBPrescTable                            0x08005a50   Data           8  system_stm32f4xx.o(.constdata)
    __ctype_categories                       0x08005a58   Data          64  ctype_c.o(.constdata)
    Region$$Table$$Base                      0x08005abc   Number         0  anon$$obj.o(Region$$Table)
    Region$$Table$$Limit                     0x08005adc   Number         0  anon$$obj.o(Region$$Table)
    Uart2_Rx_Cnt                             0x20000014   Data           1  main.o(.data)
    aRxBuffer2                               0x20000015   Data           1  main.o(.data)
    aRxBuffer                                0x20000016   Data           1  main.o(.data)
    pt                                       0x20000018   Data           2  main.o(.data)
    json                                     0x2000001c   Data           4  main.o(.data)
    Array_obj1                               0x20000020   Data           4  main.o(.data)
    Array_obj2                               0x20000024   Data           4  main.o(.data)
    Array_obj3                               0x20000028   Data           4  main.o(.data)
    Array_obj4                               0x2000002c   Data           4  main.o(.data)
    Array                                    0x20000030   Data           4  main.o(.data)
    Recive                                   0x20000034   Data           5  main.o(.data)
    Recive2                                  0x20000039   Data           5  main.o(.data)
    RST_Start                                0x2000003e   Data           9  main.o(.data)
    MODE_Start                               0x20000047   Data          14  main.o(.data)
    WIFI_Start                               0x20000055   Data          41  main.o(.data)
    Connected_Start                          0x2000007e   Data          14  main.o(.data)
    TCP_Start                                0x2000008c   Data          43  main.o(.data)
    TX_Start                                 0x200000b7   Data          15  main.o(.data)
    Data                                     0x200000c6   Data          13  main.o(.data)
    TX_Data                                  0x200000d3   Data         115  main.o(.data)
    Commend2                                 0x20000146   Data          17  main.o(.data)
    GetData                                  0x20000158   Data           4  freertos.o(.data)
    Task_usartHandle                         0x2000015c   Data           4  freertos.o(.data)
    Task_hc05Handle                          0x20000160   Data           4  freertos.o(.data)
    Task_ledHandle                           0x20000164   Data           4  freertos.o(.data)
    myBinarySem01Handle                      0x20000168   Data           4  freertos.o(.data)
    Commend                                  0x2000016c   Data          26  freertos.o(.data)
    uwTickFreq                               0x20000188   Data           1  stm32f4xx_hal.o(.data)
    uwTickPrio                               0x2000018c   Data           4  stm32f4xx_hal.o(.data)
    uwTick                                   0x20000190   Data           4  stm32f4xx_hal.o(.data)
    SystemCoreClock                          0x20000194   Data           4  system_stm32f4xx.o(.data)
    pxCurrentTCB                             0x20000198   Data           4  tasks.o(.data)
    __stdout                                 0x200001f8   Data           4  stdout.o(.data)
    __microlib_freelist                      0x200001fc   Data           4  mvars.o(.data)
    __microlib_freelist_initialised          0x20000200   Data           4  mvars.o(.data)
    my_re_buf                                0x20000204   Data        2000  main.o(.bss)
    RxBuffer                                 0x200009d4   Data         256  main.o(.bss)
    GetTime                                  0x20000ad4   Data          20  freertos.o(.bss)
    hrtc                                     0x20000d3c   Data          32  rtc.o(.bss)
    huart1                                   0x20000d5c   Data          64  usart.o(.bss)
    huart2                                   0x20000d9c   Data          64  usart.o(.bss)
    huart3                                   0x20000ddc   Data          64  usart.o(.bss)
    htim1                                    0x20000e1c   Data          64  stm32f4xx_hal_timebase_tim.o(.bss)
    __heap_base                              0x20004b50   Data           0  startup_stm32f407xx.o(HEAP)
    __heap_limit                             0x20009b50   Data           0  startup_stm32f407xx.o(HEAP)
    __initial_sp                             0x20009f50   Data           0  startup_stm32f407xx.o(STACK)



==============================================================================

Memory Map of the image

  Image Entry point : 0x08000189

  Load Region LR_IROM1 (Base: 0x08000000, Size: 0x00005ce0, Max: 0x00100000, ABSOLUTE, COMPRESSED[0x00005bec])

    Execution Region ER_IROM1 (Exec base: 0x08000000, Load base: 0x08000000, Size: 0x00005adc, Max: 0x00100000, ABSOLUTE)

    Exec Addr    Load Addr    Size         Type   Attr      Idx    E Section Name        Object

    0x08000000   0x08000000   0x00000188   Data   RO            3    RESET               startup_stm32f407xx.o
    0x08000188   0x08000188   0x00000000   Code   RO         5305  * .ARM.Collect$$$$00000000  mc_w.l(entry.o)
    0x08000188   0x08000188   0x00000004   Code   RO         5637    .ARM.Collect$$$$00000001  mc_w.l(entry2.o)
    0x0800018c   0x0800018c   0x00000004   Code   RO         5640    .ARM.Collect$$$$00000004  mc_w.l(entry5.o)
    0x08000190   0x08000190   0x00000000   Code   RO         5642    .ARM.Collect$$$$00000008  mc_w.l(entry7b.o)
    0x08000190   0x08000190   0x00000000   Code   RO         5644    .ARM.Collect$$$$0000000A  mc_w.l(entry8b.o)
    0x08000190   0x08000190   0x00000008   Code   RO         5645    .ARM.Collect$$$$0000000B  mc_w.l(entry9a.o)
    0x08000198   0x08000198   0x00000000   Code   RO         5647    .ARM.Collect$$$$0000000D  mc_w.l(entry10a.o)
    0x08000198   0x08000198   0x00000000   Code   RO         5649    .ARM.Collect$$$$0000000F  mc_w.l(entry11a.o)
    0x08000198   0x08000198   0x00000004   Code   RO         5638    .ARM.Collect$$$$00002712  mc_w.l(entry2.o)
    0x0800019c   0x0800019c   0x000000be   Code   RO         5216    .emb_text           port.o
    0x0800025a   0x0800025a   0x00000002   PAD
    0x0800025c   0x0800025c   0x00000024   Code   RO            4    .text               startup_stm32f407xx.o
    0x08000280   0x08000280   0x00000062   Code   RO         5308    .text               mc_w.l(uldiv.o)
    0x080002e2   0x080002e2   0x0000000c   Code   RO         5310    .text               mc_w.l(tolower.o)
    0x080002ee   0x080002ee   0x00000024   Code   RO         5312    .text               mc_w.l(memcpya.o)
    0x08000312   0x08000312   0x00000024   Code   RO         5316    .text               mc_w.l(memseta.o)
    0x08000336   0x08000336   0x0000000e   Code   RO         5318    .text               mc_w.l(strlen.o)
    0x08000344   0x08000344   0x0000001c   Code   RO         5320    .text               mc_w.l(strcmp.o)
    0x08000360   0x08000360   0x00000012   Code   RO         5322    .text               mc_w.l(strcpy.o)
    0x08000372   0x08000372   0x0000001e   Code   RO         5324    .text               mc_w.l(strncmp.o)
    0x08000390   0x08000390   0x00000360   Code   RO         5619    .text               mc_w.l(scanf_fp.o)
    0x080006f0   0x080006f0   0x0000014e   Code   RO         5623    .text               mf_w.l(dadd.o)
    0x0800083e   0x0800083e   0x000000e4   Code   RO         5625    .text               mf_w.l(dmul.o)
    0x08000922   0x08000922   0x0000003e   Code   RO         5629    .text               mf_w.l(dfixi.o)
    0x08000960   0x08000960   0x00000030   Code   RO         5633    .text               mf_w.l(cdcmple.o)
    0x08000990   0x08000990   0x00000030   Code   RO         5635    .text               mf_w.l(cdrcmple.o)
    0x080009c0   0x080009c0   0x0000002c   Code   RO         5652    .text               mc_w.l(uidiv.o)
    0x080009ec   0x080009ec   0x0000001e   Code   RO         5654    .text               mc_w.l(llshl.o)
    0x08000a0a   0x08000a0a   0x00000020   Code   RO         5656    .text               mc_w.l(llushr.o)
    0x08000a2a   0x08000a2a   0x00000024   Code   RO         5658    .text               mc_w.l(llsshr.o)
    0x08000a4e   0x08000a4e   0x00000040   Code   RO         5664    .text               mc_w.l(_sgetc.o)
    0x08000a8e   0x08000a8e   0x00000002   PAD
    0x08000a90   0x08000a90   0x0000009c   Code   RO         5666    .text               mc_w.l(strtod.o)
    0x08000b2c   0x08000b2c   0x00000000   Code   RO         5668    .text               mc_w.l(iusefp.o)
    0x08000b2c   0x08000b2c   0x000000ba   Code   RO         5669    .text               mf_w.l(depilogue.o)
    0x08000be6   0x08000be6   0x000000de   Code   RO         5671    .text               mf_w.l(ddiv.o)
    0x08000cc4   0x08000cc4   0x00000018   Code   RO         5673    .text               mf_w.l(dfltul.o)
    0x08000cdc   0x08000cdc   0x00000030   Code   RO         5675    .text               mf_w.l(dfixul.o)
    0x08000d0c   0x08000d0c   0x00000038   Code   RO         5677    .text               mf_w.l(d2f.o)
    0x08000d44   0x08000d44   0x00000024   Code   RO         5679    .text               mc_w.l(init.o)
    0x08000d68   0x08000d68   0x0000000a   Code   RO         5681    .text               mc_w.l(isspace_c.o)
    0x08000d72   0x08000d72   0x0000006e   Code   RO         5685    .text               mf_w.l(fepilogue.o)
    0x08000de0   0x08000de0   0x00000028   Code   RO         5687    .text               mc_w.l(ctype_c.o)
    0x08000e08   0x08000e08   0x00000056   Code   RO         5698    .text               mc_w.l(__dczerorl2.o)
    0x08000e5e   0x08000e5e   0x00000002   Code   RO         1086    i.BusFault_Handler  stm32f4xx_it.o
    0x08000e60   0x08000e60   0x00000002   Code   RO         1087    i.DebugMon_Handler  stm32f4xx_it.o
    0x08000e62   0x08000e62   0x00000002   PAD
    0x08000e64   0x08000e64   0x00000040   Code   RO          635    i.ESP8266_Init      main.o
    0x08000ea4   0x08000ea4   0x00000002   Code   RO          636    i.Error_Handler     main.o
    0x08000ea6   0x08000ea6   0x00000002   PAD
    0x08000ea8   0x08000ea8   0x00000040   Code   RO          637    i.FreeROTS_ESP8266_Init  main.o
    0x08000ee8   0x08000ee8   0x00000030   Code   RO          638    i.FreeRTOS_command  main.o
    0x08000f18   0x08000f18   0x00000024   Code   RO         1694    i.HAL_DMA_Abort_IT  stm32f4xx_hal_dma.o
    0x08000f3c   0x08000f3c   0x00000024   Code   RO         2112    i.HAL_Delay         stm32f4xx_hal.o
    0x08000f60   0x08000f60   0x000001b8   Code   RO         1586    i.HAL_GPIO_Init     stm32f4xx_hal_gpio.o
    0x08001118   0x08001118   0x0000000e   Code   RO         1589    i.HAL_GPIO_TogglePin  stm32f4xx_hal_gpio.o
    0x08001126   0x08001126   0x0000000a   Code   RO         1590    i.HAL_GPIO_WritePin  stm32f4xx_hal_gpio.o
    0x08001130   0x08001130   0x0000000c   Code   RO         2118    i.HAL_GetTick       stm32f4xx_hal.o
    0x0800113c   0x0800113c   0x00000010   Code   RO         2124    i.HAL_IncTick       stm32f4xx_hal.o
    0x0800114c   0x0800114c   0x00000034   Code   RO         2125    i.HAL_Init          stm32f4xx_hal.o
    0x08001180   0x08001180   0x00000074   Code   RO         1192    i.HAL_InitTick      stm32f4xx_hal_timebase_tim.o
    0x080011f4   0x080011f4   0x00000038   Code   RO         1168    i.HAL_MspInit       stm32f4xx_hal_msp.o
    0x0800122c   0x0800122c   0x0000001a   Code   RO         1975    i.HAL_NVIC_EnableIRQ  stm32f4xx_hal_cortex.o
    0x08001246   0x08001246   0x00000002   PAD
    0x08001248   0x08001248   0x00000040   Code   RO         1981    i.HAL_NVIC_SetPriority  stm32f4xx_hal_cortex.o
    0x08001288   0x08001288   0x00000024   Code   RO         1982    i.HAL_NVIC_SetPriorityGrouping  stm32f4xx_hal_cortex.o
    0x080012ac   0x080012ac   0x0000013c   Code   RO         1337    i.HAL_RCCEx_PeriphCLKConfig  stm32f4xx_hal_rcc_ex.o
    0x080013e8   0x080013e8   0x00000134   Code   RO         1232    i.HAL_RCC_ClockConfig  stm32f4xx_hal_rcc.o
    0x0800151c   0x0800151c   0x00000040   Code   RO         1236    i.HAL_RCC_GetClockConfig  stm32f4xx_hal_rcc.o
    0x0800155c   0x0800155c   0x00000020   Code   RO         1239    i.HAL_RCC_GetPCLK1Freq  stm32f4xx_hal_rcc.o
    0x0800157c   0x0800157c   0x00000020   Code   RO         1240    i.HAL_RCC_GetPCLK2Freq  stm32f4xx_hal_rcc.o
    0x0800159c   0x0800159c   0x00000060   Code   RO         1241    i.HAL_RCC_GetSysClockFreq  stm32f4xx_hal_rcc.o
    0x080015fc   0x080015fc   0x0000035c   Code   RO         1244    i.HAL_RCC_OscConfig  stm32f4xx_hal_rcc.o
    0x08001958   0x08001958   0x00000044   Code   RO         2368    i.HAL_RTC_GetDate   stm32f4xx_hal_rtc.o
    0x0800199c   0x0800199c   0x00000058   Code   RO         2370    i.HAL_RTC_GetTime   stm32f4xx_hal_rtc.o
    0x080019f4   0x080019f4   0x000000ac   Code   RO         2371    i.HAL_RTC_Init      stm32f4xx_hal_rtc.o
    0x08001aa0   0x08001aa0   0x00000018   Code   RO          979    i.HAL_RTC_MspInit   rtc.o
    0x08001ab8   0x08001ab8   0x000000c8   Code   RO         2377    i.HAL_RTC_SetDate   stm32f4xx_hal_rtc.o
    0x08001b80   0x08001b80   0x000000ec   Code   RO         2378    i.HAL_RTC_SetTime   stm32f4xx_hal_rtc.o
    0x08001c6c   0x08001c6c   0x00000036   Code   RO         2379    i.HAL_RTC_WaitForSynchro  stm32f4xx_hal_rtc.o
    0x08001ca2   0x08001ca2   0x00000002   Code   RO         3405    i.HAL_TIMEx_BreakCallback  stm32f4xx_hal_tim_ex.o
    0x08001ca4   0x08001ca4   0x00000002   Code   RO         3406    i.HAL_TIMEx_CommutCallback  stm32f4xx_hal_tim_ex.o
    0x08001ca6   0x08001ca6   0x00000036   Code   RO         2730    i.HAL_TIM_Base_Init  stm32f4xx_hal_tim.o
    0x08001cdc   0x08001cdc   0x00000002   Code   RO         2732    i.HAL_TIM_Base_MspInit  stm32f4xx_hal_tim.o
    0x08001cde   0x08001cde   0x00000022   Code   RO         2735    i.HAL_TIM_Base_Start_IT  stm32f4xx_hal_tim.o
    0x08001d00   0x08001d00   0x00000002   Code   RO         2759    i.HAL_TIM_IC_CaptureCallback  stm32f4xx_hal_tim.o
    0x08001d02   0x08001d02   0x00000166   Code   RO         2773    i.HAL_TIM_IRQHandler  stm32f4xx_hal_tim.o
    0x08001e68   0x08001e68   0x00000002   Code   RO         2776    i.HAL_TIM_OC_DelayElapsedCallback  stm32f4xx_hal_tim.o
    0x08001e6a   0x08001e6a   0x00000002   Code   RO         2803    i.HAL_TIM_PWM_PulseFinishedCallback  stm32f4xx_hal_tim.o
    0x08001e6c   0x08001e6c   0x00000014   Code   RO          639    i.HAL_TIM_PeriodElapsedCallback  main.o
    0x08001e80   0x08001e80   0x00000002   Code   RO         2816    i.HAL_TIM_TriggerCallback  stm32f4xx_hal_tim.o
    0x08001e82   0x08001e82   0x00000002   Code   RO         3677    i.HAL_UART_ErrorCallback  stm32f4xx_hal_uart.o
    0x08001e84   0x08001e84   0x0000000a   Code   RO         3679    i.HAL_UART_GetState  stm32f4xx_hal_uart.o
    0x08001e8e   0x08001e8e   0x00000002   PAD
    0x08001e90   0x08001e90   0x00000114   Code   RO         3680    i.HAL_UART_IRQHandler  stm32f4xx_hal_uart.o
    0x08001fa4   0x08001fa4   0x00000062   Code   RO         3681    i.HAL_UART_Init     stm32f4xx_hal_uart.o
    0x08002006   0x08002006   0x00000002   PAD
    0x08002008   0x08002008   0x0000011c   Code   RO         1021    i.HAL_UART_MspInit  usart.o
    0x08002124   0x08002124   0x00000052   Code   RO         3686    i.HAL_UART_Receive_IT  stm32f4xx_hal_uart.o
    0x08002176   0x08002176   0x00000002   PAD
    0x08002178   0x08002178   0x000000ac   Code   RO          640    i.HAL_UART_RxCpltCallback  main.o
    0x08002224   0x08002224   0x000000ba   Code   RO         3689    i.HAL_UART_Transmit  stm32f4xx_hal_uart.o
    0x080022de   0x080022de   0x00000002   Code   RO         3692    i.HAL_UART_TxCpltCallback  stm32f4xx_hal_uart.o
    0x080022e0   0x080022e0   0x00000034   Code   RO          641    i.HMISendb          main.o
    0x08002314   0x08002314   0x00000034   Code   RO          642    i.HMISends          main.o
    0x08002348   0x08002348   0x00000018   Code   RO          643    i.HMISendstart      main.o
    0x08002360   0x08002360   0x00000002   Code   RO         1088    i.HardFault_Handler  stm32f4xx_it.o
    0x08002362   0x08002362   0x00000002   PAD
    0x08002364   0x08002364   0x00000064   Code   RO          915    i.MX_FREERTOS_Init  freertos.o
    0x080023c8   0x080023c8   0x00000080   Code   RO          891    i.MX_GPIO_Init      gpio.o
    0x08002448   0x08002448   0x00000080   Code   RO          980    i.MX_RTC_Init       rtc.o
    0x080024c8   0x080024c8   0x00000038   Code   RO         1022    i.MX_USART1_UART_Init  usart.o
    0x08002500   0x08002500   0x00000038   Code   RO         1023    i.MX_USART2_UART_Init  usart.o
    0x08002538   0x08002538   0x00000038   Code   RO         1024    i.MX_USART3_UART_Init  usart.o
    0x08002570   0x08002570   0x00000002   Code   RO         1089    i.MemManage_Handler  stm32f4xx_it.o
    0x08002572   0x08002572   0x00000002   Code   RO         1090    i.NMI_Handler       stm32f4xx_it.o
    0x08002574   0x08002574   0x00000012   Code   RO         2380    i.RTC_Bcd2ToByte    stm32f4xx_hal_rtc.o
    0x08002586   0x08002586   0x00000016   Code   RO         2381    i.RTC_ByteToBcd2    stm32f4xx_hal_rtc.o
    0x0800259c   0x0800259c   0x0000003a   Code   RO         2382    i.RTC_EnterInitMode  stm32f4xx_hal_rtc.o
    0x080025d6   0x080025d6   0x00000002   PAD
    0x080025d8   0x080025d8   0x0000027c   Code   RO          916    i.StartTask01       freertos.o
    0x08002854   0x08002854   0x0000008c   Code   RO          917    i.StartTask02       freertos.o
    0x080028e0   0x080028e0   0x0000004c   Code   RO          918    i.StartTask03       freertos.o
    0x0800292c   0x0800292c   0x0000002c   Code   RO         5217    i.SysTick_Handler   port.o
    0x08002958   0x08002958   0x000000a0   Code   RO          644    i.SystemClock_Config  main.o
    0x080029f8   0x080029f8   0x0000001c   Code   RO         3983    i.SystemInit        system_stm32f4xx.o
    0x08002a14   0x08002a14   0x0000000c   Code   RO         1091    i.TIM1_UP_TIM10_IRQHandler  stm32f4xx_it.o
    0x08002a20   0x08002a20   0x000000c8   Code   RO         2818    i.TIM_Base_SetConfig  stm32f4xx_hal_tim.o
    0x08002ae8   0x08002ae8   0x00000010   Code   RO         3694    i.UART_DMAAbortOnError  stm32f4xx_hal_uart.o
    0x08002af8   0x08002af8   0x0000001c   Code   RO         3704    i.UART_EndRxTransfer  stm32f4xx_hal_uart.o
    0x08002b14   0x08002b14   0x00000096   Code   RO         3706    i.UART_Receive_IT   stm32f4xx_hal_uart.o
    0x08002baa   0x08002baa   0x00000002   PAD
    0x08002bac   0x08002bac   0x00000128   Code   RO         3707    i.UART_SetConfig    stm32f4xx_hal_uart.o
    0x08002cd4   0x08002cd4   0x00000062   Code   RO         3708    i.UART_Transmit_IT  stm32f4xx_hal_uart.o
    0x08002d36   0x08002d36   0x00000064   Code   RO         3709    i.UART_WaitOnFlagUntilTimeout  stm32f4xx_hal_uart.o
    0x08002d9a   0x08002d9a   0x00000002   PAD
    0x08002d9c   0x08002d9c   0x0000000c   Code   RO         1092    i.USART1_IRQHandler  stm32f4xx_it.o
    0x08002da8   0x08002da8   0x0000000c   Code   RO         1093    i.USART2_IRQHandler  stm32f4xx_it.o
    0x08002db4   0x08002db4   0x0000000c   Code   RO         1094    i.USART3_IRQHandler  stm32f4xx_it.o
    0x08002dc0   0x08002dc0   0x00000002   Code   RO         1095    i.UsageFault_Handler  stm32f4xx_it.o
    0x08002dc2   0x08002dc2   0x00000002   PAD
    0x08002dc4   0x08002dc4   0x00000020   Code   RO         5561    i.__0printf         mc_w.l(printfa.o)
    0x08002de4   0x08002de4   0x00000028   Code   RO         5563    i.__0sprintf        mc_w.l(printfa.o)
    0x08002e0c   0x08002e0c   0x00000020   Code   RO         1988    i.__NVIC_SetPriority  stm32f4xx_hal_cortex.o
    0x08002e2c   0x08002e2c   0x0000005c   Code   RO         5593    i.__free$realloc    mc_w.l(mallocr.o)
    0x08002e88   0x08002e88   0x00000028   Code   RO         5299    i.__hardfp_strtod   m_wm.l(strtod.o)
    0x08002eb0   0x08002eb0   0x00000050   Code   RO         5594    i.__malloc$realloc  mc_w.l(mallocr.o)
    0x08002f00   0x08002f00   0x0000000e   Code   RO         5692    i.__scatterload_copy  mc_w.l(handlers.o)
    0x08002f0e   0x08002f0e   0x00000002   Code   RO         5693    i.__scatterload_null  mc_w.l(handlers.o)
    0x08002f10   0x08002f10   0x0000000e   Code   RO         5694    i.__scatterload_zeroinit  mc_w.l(handlers.o)
    0x08002f1e   0x08002f1e   0x00000002   PAD
    0x08002f20   0x08002f20   0x00000184   Code   RO         5568    i._fp_digits        mc_w.l(printfa.o)
    0x080030a4   0x080030a4   0x0000000e   Code   RO         5621    i._is_digit         mc_w.l(scanf_fp.o)
    0x080030b2   0x080030b2   0x00000002   PAD
    0x080030b4   0x080030b4   0x000006dc   Code   RO         5569    i._printf_core      mc_w.l(printfa.o)
    0x08003790   0x08003790   0x00000024   Code   RO         5570    i._printf_post_padding  mc_w.l(printfa.o)
    0x080037b4   0x080037b4   0x0000002e   Code   RO         5571    i._printf_pre_padding  mc_w.l(printfa.o)
    0x080037e2   0x080037e2   0x0000000a   Code   RO         5573    i._sputc            mc_w.l(printfa.o)
    0x080037ec   0x080037ec   0x00000030   Code   RO           12    i.buffer_skip_whitespace  cjson.o
    0x0800381c   0x0800381c   0x00000048   Code   RO           44    i.cJSON_Delete      cjson.o
    0x08003864   0x08003864   0x0000000c   Code   RO           53    i.cJSON_GetArrayItem  cjson.o
    0x08003870   0x08003870   0x0000001a   Code   RO           54    i.cJSON_GetArraySize  cjson.o
    0x0800388a   0x0800388a   0x00000002   PAD
    0x0800388c   0x0800388c   0x00000010   Code   RO           55    i.cJSON_GetErrorPtr  cjson.o
    0x0800389c   0x0800389c   0x00000006   Code   RO           57    i.cJSON_GetObjectItem  cjson.o
    0x080038a2   0x080038a2   0x00000002   PAD
    0x080038a4   0x080038a4   0x00000048   Code   RO           61    i.cJSON_InitHooks   cjson.o
    0x080038ec   0x080038ec   0x00000016   Code   RO           74    i.cJSON_New_Item    cjson.o
    0x08003902   0x08003902   0x00000008   Code   RO           75    i.cJSON_Parse       cjson.o
    0x0800390a   0x0800390a   0x00000002   PAD
    0x0800390c   0x0800390c   0x000000dc   Code   RO           77    i.cJSON_ParseWithLengthOpts  cjson.o
    0x080039e8   0x080039e8   0x00000022   Code   RO           78    i.cJSON_ParseWithOpts  cjson.o
    0x08003a0a   0x08003a0a   0x00000002   PAD
    0x08003a0c   0x08003a0c   0x0000000c   Code   RO           90    i.cJSON_free        cjson.o
    0x08003a18   0x08003a18   0x00000030   Code   RO          645    i.command           main.o
    0x08003a48   0x08003a48   0x00000018   Code   RO         1026    i.fputc             usart.o
    0x08003a60   0x08003a60   0x00000016   Code   RO           96    i.get_array_item    cjson.o
    0x08003a76   0x08003a76   0x0000007a   Code   RO           97    i.get_object_item   cjson.o
    0x08003af0   0x08003af0   0x0000000c   Code   RO         4786    i.inHandlerMode     cmsis_os.o
    0x08003afc   0x08003afc   0x00000050   Code   RO         5595    i.internal_alloc    mc_w.l(mallocr.o)
    0x08003b4c   0x08003b4c   0x0000029c   Code   RO          646    i.main              main.o
    0x08003de8   0x08003de8   0x0000000c   Code   RO         4788    i.makeFreeRtosPriority  cmsis_os.o
    0x08003df4   0x08003df4   0x0000000e   Code   RO         4790    i.osDelay           cmsis_os.o
    0x08003e02   0x08003e02   0x0000000a   Code   RO         4793    i.osKernelStart     cmsis_os.o
    0x08003e0c   0x08003e0c   0x0000003e   Code   RO         4819    i.osSemaphoreCreate  cmsis_os.o
    0x08003e4a   0x08003e4a   0x00000002   PAD
    0x08003e4c   0x08003e4c   0x00000050   Code   RO         4822    i.osSemaphoreRelease  cmsis_os.o
    0x08003e9c   0x08003e9c   0x00000064   Code   RO         4823    i.osSemaphoreWait   cmsis_os.o
    0x08003f00   0x08003f00   0x00000054   Code   RO         4827    i.osThreadCreate    cmsis_os.o
    0x08003f54   0x08003f54   0x000000d0   Code   RO           99    i.parse_array       cjson.o
    0x08004024   0x08004024   0x00000040   Code   RO          100    i.parse_hex4        cjson.o
    0x08004064   0x08004064   0x00000100   Code   RO          101    i.parse_number      cjson.o
    0x08004164   0x08004164   0x0000010a   Code   RO          102    i.parse_object      cjson.o
    0x0800426e   0x0800426e   0x0000010c   Code   RO          103    i.parse_string      cjson.o
    0x0800437a   0x0800437a   0x00000002   PAD
    0x0800437c   0x0800437c   0x000000fc   Code   RO          104    i.parse_value       cjson.o
    0x08004478   0x08004478   0x00000070   Code   RO         4482    i.prvAddCurrentTaskToDelayedList  tasks.o
    0x080044e8   0x080044e8   0x000000d0   Code   RO         4483    i.prvAddNewTaskToReadyList  tasks.o
    0x080045b8   0x080045b8   0x00000026   Code   RO         4161    i.prvCopyDataFromQueue  queue.o
    0x080045de   0x080045de   0x0000006c   Code   RO         4162    i.prvCopyDataToQueue  queue.o
    0x0800464a   0x0800464a   0x00000034   Code   RO         4484    i.prvDeleteTCB      tasks.o
    0x0800467e   0x0800467e   0x00000002   PAD
    0x08004680   0x08004680   0x0000004c   Code   RO         5155    i.prvHeapInit       heap_4.o
    0x080046cc   0x080046cc   0x00000060   Code   RO         4485    i.prvIdleTask       tasks.o
    0x0800472c   0x0800472c   0x00000016   Code   RO         4164    i.prvInitialiseNewQueue  queue.o
    0x08004742   0x08004742   0x00000098   Code   RO         4486    i.prvInitialiseNewTask  tasks.o
    0x080047da   0x080047da   0x00000002   PAD
    0x080047dc   0x080047dc   0x0000004c   Code   RO         5156    i.prvInsertBlockIntoFreeList  heap_4.o
    0x08004828   0x08004828   0x0000001c   Code   RO         4165    i.prvIsQueueEmpty   queue.o
    0x08004844   0x08004844   0x00000020   Code   RO         4487    i.prvResetNextTaskUnblockTime  tasks.o
    0x08004864   0x08004864   0x00000028   Code   RO         5218    i.prvTaskExitError  port.o
    0x0800488c   0x0800488c   0x0000006a   Code   RO         4166    i.prvUnlockQueue    queue.o
    0x080048f6   0x080048f6   0x00000002   PAD
    0x080048f8   0x080048f8   0x000000d8   Code   RO         5157    i.pvPortMalloc      heap_4.o
    0x080049d0   0x080049d0   0x00000018   Code   RO         4489    i.pvTaskIncrementMutexHeldCount  tasks.o
    0x080049e8   0x080049e8   0x0000002c   Code   RO         5219    i.pxPortInitialiseStack  port.o
    0x08004a14   0x08004a14   0x0000006c   Code   RO         5596    i.realloc           mc_w.l(mallocr.o)
    0x08004a80   0x08004a80   0x000000d2   Code   RO          113    i.utf16_literal_to_utf8  cjson.o
    0x08004b52   0x08004b52   0x00000026   Code   RO         4121    i.uxListRemove      list.o
    0x08004b78   0x08004b78   0x00000014   Code   RO          919    i.vApplicationGetIdleTaskMemory  freertos.o
    0x08004b8c   0x08004b8c   0x00000016   Code   RO         4122    i.vListInitialise   list.o
    0x08004ba2   0x08004ba2   0x00000006   Code   RO         4123    i.vListInitialiseItem  list.o
    0x08004ba8   0x08004ba8   0x00000030   Code   RO         4124    i.vListInsert       list.o
    0x08004bd8   0x08004bd8   0x00000018   Code   RO         4125    i.vListInsertEnd    list.o
    0x08004bf0   0x08004bf0   0x00000040   Code   RO         5221    i.vPortEnterCritical  port.o
    0x08004c30   0x08004c30   0x00000028   Code   RO         5222    i.vPortExitCritical  port.o
    0x08004c58   0x08004c58   0x0000005c   Code   RO         5158    i.vPortFree         heap_4.o
    0x08004cb4   0x08004cb4   0x00000024   Code   RO         5223    i.vPortSetupTimerInterrupt  port.o
    0x08004cd8   0x08004cd8   0x00000054   Code   RO         5224    i.vPortValidateInterruptPriority  port.o
    0x08004d2c   0x08004d2c   0x0000004c   Code   RO         4495    i.vTaskDelay        tasks.o
    0x08004d78   0x08004d78   0x00000010   Code   RO         4498    i.vTaskInternalSetTimeOutState  tasks.o
    0x08004d88   0x08004d88   0x0000000c   Code   RO         4499    i.vTaskMissedYield  tasks.o
    0x08004d94   0x08004d94   0x00000030   Code   RO         4501    i.vTaskPlaceOnEventList  tasks.o
    0x08004dc4   0x08004dc4   0x000000a8   Code   RO         4503    i.vTaskPriorityDisinheritAfterTimeout  tasks.o
    0x08004e6c   0x08004e6c   0x0000006c   Code   RO         4508    i.vTaskStartScheduler  tasks.o
    0x08004ed8   0x08004ed8   0x00000010   Code   RO         4510    i.vTaskSuspendAll   tasks.o
    0x08004ee8   0x08004ee8   0x0000005c   Code   RO         4511    i.vTaskSwitchContext  tasks.o
    0x08004f44   0x08004f44   0x000000f4   Code   RO         5225    i.xPortStartScheduler  port.o
    0x08005038   0x08005038   0x00000048   Code   RO         4175    i.xQueueGenericCreate  queue.o
    0x08005080   0x08005080   0x00000066   Code   RO         4176    i.xQueueGenericCreateStatic  queue.o
    0x080050e6   0x080050e6   0x00000002   PAD
    0x080050e8   0x080050e8   0x00000088   Code   RO         4177    i.xQueueGenericReset  queue.o
    0x08005170   0x08005170   0x00000160   Code   RO         4178    i.xQueueGenericSend  queue.o
    0x080052d0   0x080052d0   0x0000009c   Code   RO         4180    i.xQueueGiveFromISR  queue.o
    0x0800536c   0x0800536c   0x0000009a   Code   RO         4186    i.xQueueReceiveFromISR  queue.o
    0x08005406   0x08005406   0x00000002   PAD
    0x08005408   0x08005408   0x00000178   Code   RO         4187    i.xQueueSemaphoreTake  queue.o
    0x08005580   0x08005580   0x00000074   Code   RO         4512    i.xTaskCheckForTimeOut  tasks.o
    0x080055f4   0x080055f4   0x0000005a   Code   RO         4513    i.xTaskCreate       tasks.o
    0x0800564e   0x0800564e   0x00000056   Code   RO         4514    i.xTaskCreateStatic  tasks.o
    0x080056a4   0x080056a4   0x0000001c   Code   RO         4518    i.xTaskGetSchedulerState  tasks.o
    0x080056c0   0x080056c0   0x000000c8   Code   RO         4521    i.xTaskIncrementTick  tasks.o
    0x08005788   0x08005788   0x00000098   Code   RO         4524    i.xTaskPriorityDisinherit  tasks.o
    0x08005820   0x08005820   0x00000094   Code   RO         4525    i.xTaskPriorityInherit  tasks.o
    0x080058b4   0x080058b4   0x00000074   Code   RO         4526    i.xTaskRemoveFromEventList  tasks.o
    0x08005928   0x08005928   0x000000c4   Code   RO         4527    i.xTaskResumeAll    tasks.o
    0x080059ec   0x080059ec   0x00000054   Data   RO          921    .constdata          freertos.o
    0x08005a40   0x08005a40   0x00000010   Data   RO         3984    .constdata          system_stm32f4xx.o
    0x08005a50   0x08005a50   0x00000008   Data   RO         3985    .constdata          system_stm32f4xx.o
    0x08005a58   0x08005a58   0x00000040   Data   RO         5688    .constdata          mc_w.l(ctype_c.o)
    0x08005a98   0x08005a98   0x00000023   Data   RO          922    .conststring        freertos.o
    0x08005abb   0x08005abb   0x00000001   PAD
    0x08005abc   0x08005abc   0x00000020   Data   RO         5690    Region$$Table       anon$$obj.o


    Execution Region RW_IRAM2 (Exec base: 0x10000000, Load base: 0x08005bec, Size: 0x00000000, Max: 0x00010000, ABSOLUTE)

    **** No section assigned to this execution region ****


    Execution Region RW_IRAM1 (Exec base: 0x20000000, Load base: 0x08005adc, Size: 0x00009f50, Max: 0x00020000, ABSOLUTE, COMPRESSED[0x00000110])

    Exec Addr    Load Addr    Size         Type   Attr      Idx    E Section Name        Object

    0x20000000   COMPRESSED   0x00000014   Data   RW          115    .data               cjson.o
    0x20000014   COMPRESSED   0x00000143   Data   RW          648    .data               main.o
    0x20000157   COMPRESSED   0x00000001   PAD
    0x20000158   COMPRESSED   0x0000002e   Data   RW          923    .data               freertos.o
    0x20000186   COMPRESSED   0x00000002   PAD
    0x20000188   COMPRESSED   0x0000000c   Data   RW         2132    .data               stm32f4xx_hal.o
    0x20000194   COMPRESSED   0x00000004   Data   RW         3986    .data               system_stm32f4xx.o
    0x20000198   COMPRESSED   0x0000003c   Data   RW         4530    .data               tasks.o
    0x200001d4   COMPRESSED   0x00000018   Data   RW         5163    .data               heap_4.o
    0x200001ec   COMPRESSED   0x0000000c   Data   RW         5226    .data               port.o
    0x200001f8   COMPRESSED   0x00000004   Data   RW         5651    .data               mc_w.l(stdout.o)
    0x200001fc   COMPRESSED   0x00000004   Data   RW         5660    .data               mc_w.l(mvars.o)
    0x20000200   COMPRESSED   0x00000004   Data   RW         5661    .data               mc_w.l(mvars.o)
    0x20000204        -       0x000008d0   Zero   RW          647    .bss                main.o
    0x20000ad4        -       0x00000268   Zero   RW          920    .bss                freertos.o
    0x20000d3c        -       0x00000020   Zero   RW          981    .bss                rtc.o
    0x20000d5c        -       0x000000c0   Zero   RW         1027    .bss                usart.o
    0x20000e1c        -       0x00000040   Zero   RW         1195    .bss                stm32f4xx_hal_timebase_tim.o
    0x20000e5c        -       0x000000f0   Zero   RW         4529    .bss                tasks.o
    0x20000f4c        -       0x00003c00   Zero   RW         5162    .bss                heap_4.o
    0x20004b4c   COMPRESSED   0x00000004   PAD
    0x20004b50        -       0x00005000   Zero   RW            2    HEAP                startup_stm32f407xx.o
    0x20009b50        -       0x00000400   Zero   RW            1    STACK               startup_stm32f407xx.o


==============================================================================

Image component sizes


      Code (inc. data)   RO Data    RW Data    ZI Data      Debug   Object Name

      2216         98          0         20          0      23448   cjson.o
       374         10          0          0          0      31456   cmsis_os.o
         0          0          0          0          0      18900   event_groups.o
       972        356        119         46        616       4949   freertos.o
       128         10          0          0          0        955   gpio.o
       460         24          0         24      15360       7419   heap_4.o
       138          0          0          0          0       3630   list.o
      1374        366          0        323       2256     737082   main.o
       786         82          0         12          0      12105   port.o
      1650         14          0          0          0      18328   queue.o
       152         16          0          0         32       1591   rtc.o
        36          8        392          0      21504        848   startup_stm32f407xx.o
       116         18          0         12          0       8806   stm32f4xx_hal.o
       158         14          0          0          0      33226   stm32f4xx_hal_cortex.o
        36          0          0          0          0       1239   stm32f4xx_hal_dma.o
       464         46          0          0          0       3077   stm32f4xx_hal_gpio.o
        56          4          0          0          0        866   stm32f4xx_hal_msp.o
      1392         82          0          0          0       5985   stm32f4xx_hal_rcc.o
       316         20          0          0          0       1416   stm32f4xx_hal_rcc_ex.o
       916         30          0          0          0       7644   stm32f4xx_hal_rtc.o
       656         44          0          0          0       7392   stm32f4xx_hal_tim.o
         4          0          0          0          0       1645   stm32f4xx_hal_tim_ex.o
       116         18          0          0         64       1435   stm32f4xx_hal_timebase_tim.o
      1344         16          0          0          0      10571   stm32f4xx_hal_uart.o
        60         24          0          0          0       4720   stm32f4xx_it.o
        28          6         24          4          0       1167   system_stm32f4xx.o
      2344        172          0         60        240      28091   tasks.o
       476         54          0          0        192       3680   usart.o

    ----------------------------------------------------------------------
     16814       1532        568        504      40268     981671   Object Totals
         0          0         32          0          0          0   (incl. Generated)
        46          0          1          3          4          0   (incl. Padding)

    ----------------------------------------------------------------------

      Code (inc. data)   RO Data    RW Data    ZI Data      Debug   Library Member Name

        40         10          0          0          0        128   strtod.o
        86          0          0          0          0          0   __dczerorl2.o
        64          0          0          0          0         84   _sgetc.o
        40          6         64          0          0         68   ctype_c.o
         0          0          0          0          0          0   entry.o
         0          0          0          0          0          0   entry10a.o
         0          0          0          0          0          0   entry11a.o
         8          4          0          0          0          0   entry2.o
         4          0          0          0          0          0   entry5.o
         0          0          0          0          0          0   entry7b.o
         0          0          0          0          0          0   entry8b.o
         8          4          0          0          0          0   entry9a.o
        30          0          0          0          0          0   handlers.o
        36          8          0          0          0         68   init.o
        10          0          0          0          0         68   isspace_c.o
         0          0          0          0          0          0   iusefp.o
        30          0          0          0          0         68   llshl.o
        36          0          0          0          0         68   llsshr.o
        32          0          0          0          0         68   llushr.o
       360         30          0          0          0        356   mallocr.o
        36          0          0          0          0         68   memcpya.o
        36          0          0          0          0        108   memseta.o
         0          0          0          8          0          0   mvars.o
      2308         96          0          0          0        604   printfa.o
       878         12          0          0          0        216   scanf_fp.o
         0          0          0          4          0          0   stdout.o
        28          0          0          0          0         76   strcmp.o
        18          0          0          0          0         68   strcpy.o
        14          0          0          0          0         68   strlen.o
        30          0          0          0          0         80   strncmp.o
       156         12          0          0          0        120   strtod.o
        12          0          0          0          0         68   tolower.o
        44          0          0          0          0         80   uidiv.o
        98          0          0          0          0         92   uldiv.o
        48          0          0          0          0         68   cdcmple.o
        48          0          0          0          0         68   cdrcmple.o
        56          0          0          0          0         88   d2f.o
       334          0          0          0          0        148   dadd.o
       222          0          0          0          0        100   ddiv.o
       186          0          0          0          0        176   depilogue.o
        62          0          0          0          0         80   dfixi.o
        48          0          0          0          0         68   dfixul.o
        24          0          0          0          0         76   dfltul.o
       228          0          0          0          0         96   dmul.o
       110          0          0          0          0        168   fepilogue.o

    ----------------------------------------------------------------------
      5814        182         64         12          0       3760   Library Totals
         6          0          0          0          0          0   (incl. Padding)

    ----------------------------------------------------------------------

      Code (inc. data)   RO Data    RW Data    ZI Data      Debug   Library Name

        40         10          0          0          0        128   m_wm.l
      4402        172         64         12          0       2496   mc_w.l
      1366          0          0          0          0       1136   mf_w.l

    ----------------------------------------------------------------------
      5814        182         64         12          0       3760   Library Totals

    ----------------------------------------------------------------------

==============================================================================


      Code (inc. data)   RO Data    RW Data    ZI Data      Debug   

     22628       1714        632        516      40268     966939   Grand Totals
     22628       1714        632        272      40268     966939   ELF Image Totals (compressed)
     22628       1714        632        272          0          0   ROM Totals

==============================================================================

    Total RO  Size (Code + RO Data)                23260 (  22.71kB)
    Total RW  Size (RW Data + ZI Data)             40784 (  39.83kB)
    Total ROM Size (Code + RO Data + RW Data)      23532 (  22.98kB)

==============================================================================

